Archive member included to satisfy reference by file (symbol)

C:/ST/STM32CubeIDE_1.15.0/STM32CubeIDE/plugins/com.st.stm32cube.ide.mcu.externaltools.gnu-tools-for-stm32.12.3.rel1.win32_1.0.100.202403111256/tools/bin/../lib/gcc/arm-none-eabi/12.3.1/../../../../arm-none-eabi/lib/thumb/v7e-m+fp/hard\libc_nano.a(libc_a-exit.o)
                              C:/ST/STM32CubeIDE_1.15.0/STM32CubeIDE/plugins/com.st.stm32cube.ide.mcu.externaltools.gnu-tools-for-stm32.12.3.rel1.win32_1.0.100.202403111256/tools/bin/../lib/gcc/arm-none-eabi/12.3.1/../../../../arm-none-eabi/lib/thumb/v7e-m+fp/hard/crt0.o (exit)
C:/ST/STM32CubeIDE_1.15.0/STM32CubeIDE/plugins/com.st.stm32cube.ide.mcu.externaltools.gnu-tools-for-stm32.12.3.rel1.win32_1.0.100.202403111256/tools/bin/../lib/gcc/arm-none-eabi/12.3.1/../../../../arm-none-eabi/lib/thumb/v7e-m+fp/hard\libc_nano.a(libc_a-findfp.o)
                              ./Middlewares/Third_Party/FreeRTOS/Source/tasks.o (__sf)
C:/ST/STM32CubeIDE_1.15.0/STM32CubeIDE/plugins/com.st.stm32cube.ide.mcu.externaltools.gnu-tools-for-stm32.12.3.rel1.win32_1.0.100.202403111256/tools/bin/../lib/gcc/arm-none-eabi/12.3.1/../../../../arm-none-eabi/lib/thumb/v7e-m+fp/hard\libc_nano.a(libc_a-fwalk.o)
                              C:/ST/STM32CubeIDE_1.15.0/STM32CubeIDE/plugins/com.st.stm32cube.ide.mcu.externaltools.gnu-tools-for-stm32.12.3.rel1.win32_1.0.100.202403111256/tools/bin/../lib/gcc/arm-none-eabi/12.3.1/../../../../arm-none-eabi/lib/thumb/v7e-m+fp/hard\libc_nano.a(libc_a-findfp.o) (_fwalk_sglue)
C:/ST/STM32CubeIDE_1.15.0/STM32CubeIDE/plugins/com.st.stm32cube.ide.mcu.externaltools.gnu-tools-for-stm32.12.3.rel1.win32_1.0.100.202403111256/tools/bin/../lib/gcc/arm-none-eabi/12.3.1/../../../../arm-none-eabi/lib/thumb/v7e-m+fp/hard\libc_nano.a(libc_a-puts.o)
                              ./Core/Src/main.o (puts)
C:/ST/STM32CubeIDE_1.15.0/STM32CubeIDE/plugins/com.st.stm32cube.ide.mcu.externaltools.gnu-tools-for-stm32.12.3.rel1.win32_1.0.100.202403111256/tools/bin/../lib/gcc/arm-none-eabi/12.3.1/../../../../arm-none-eabi/lib/thumb/v7e-m+fp/hard\libc_nano.a(libc_a-snprintf.o)
                              ./Core/Src/ssd1306_tests.o (snprintf)
C:/ST/STM32CubeIDE_1.15.0/STM32CubeIDE/plugins/com.st.stm32cube.ide.mcu.externaltools.gnu-tools-for-stm32.12.3.rel1.win32_1.0.100.202403111256/tools/bin/../lib/gcc/arm-none-eabi/12.3.1/../../../../arm-none-eabi/lib/thumb/v7e-m+fp/hard\libc_nano.a(libc_a-sprintf.o)
                              ./Core/Src/oled_ui.o (sprintf)
C:/ST/STM32CubeIDE_1.15.0/STM32CubeIDE/plugins/com.st.stm32cube.ide.mcu.externaltools.gnu-tools-for-stm32.12.3.rel1.win32_1.0.100.202403111256/tools/bin/../lib/gcc/arm-none-eabi/12.3.1/../../../../arm-none-eabi/lib/thumb/v7e-m+fp/hard\libc_nano.a(libc_a-stdio.o)
                              C:/ST/STM32CubeIDE_1.15.0/STM32CubeIDE/plugins/com.st.stm32cube.ide.mcu.externaltools.gnu-tools-for-stm32.12.3.rel1.win32_1.0.100.202403111256/tools/bin/../lib/gcc/arm-none-eabi/12.3.1/../../../../arm-none-eabi/lib/thumb/v7e-m+fp/hard\libc_nano.a(libc_a-findfp.o) (__sread)
C:/ST/STM32CubeIDE_1.15.0/STM32CubeIDE/plugins/com.st.stm32cube.ide.mcu.externaltools.gnu-tools-for-stm32.12.3.rel1.win32_1.0.100.202403111256/tools/bin/../lib/gcc/arm-none-eabi/12.3.1/../../../../arm-none-eabi/lib/thumb/v7e-m+fp/hard\libc_nano.a(libc_a-wbuf.o)
                              C:/ST/STM32CubeIDE_1.15.0/STM32CubeIDE/plugins/com.st.stm32cube.ide.mcu.externaltools.gnu-tools-for-stm32.12.3.rel1.win32_1.0.100.202403111256/tools/bin/../lib/gcc/arm-none-eabi/12.3.1/../../../../arm-none-eabi/lib/thumb/v7e-m+fp/hard\libc_nano.a(libc_a-puts.o) (__swbuf_r)
C:/ST/STM32CubeIDE_1.15.0/STM32CubeIDE/plugins/com.st.stm32cube.ide.mcu.externaltools.gnu-tools-for-stm32.12.3.rel1.win32_1.0.100.202403111256/tools/bin/../lib/gcc/arm-none-eabi/12.3.1/../../../../arm-none-eabi/lib/thumb/v7e-m+fp/hard\libc_nano.a(libc_a-wsetup.o)
                              C:/ST/STM32CubeIDE_1.15.0/STM32CubeIDE/plugins/com.st.stm32cube.ide.mcu.externaltools.gnu-tools-for-stm32.12.3.rel1.win32_1.0.100.202403111256/tools/bin/../lib/gcc/arm-none-eabi/12.3.1/../../../../arm-none-eabi/lib/thumb/v7e-m+fp/hard\libc_nano.a(libc_a-puts.o) (__swsetup_r)
C:/ST/STM32CubeIDE_1.15.0/STM32CubeIDE/plugins/com.st.stm32cube.ide.mcu.externaltools.gnu-tools-for-stm32.12.3.rel1.win32_1.0.100.202403111256/tools/bin/../lib/gcc/arm-none-eabi/12.3.1/../../../../arm-none-eabi/lib/thumb/v7e-m+fp/hard\libc_nano.a(libc_a-memmove.o)
                              ./Core/Src/ssd1306_tests.o (memmove)
C:/ST/STM32CubeIDE_1.15.0/STM32CubeIDE/plugins/com.st.stm32cube.ide.mcu.externaltools.gnu-tools-for-stm32.12.3.rel1.win32_1.0.100.202403111256/tools/bin/../lib/gcc/arm-none-eabi/12.3.1/../../../../arm-none-eabi/lib/thumb/v7e-m+fp/hard\libc_nano.a(libc_a-memset.o)
[...]
Memory Configuration

Name             Origin             Length             Attributes
RAM              0x20000000         0x00020000         xrw
FLASH            0x08000000         0x00080000         xr
*default*        0x00000000         0xffffffff

Linker script and memory map

LOAD C:/ST/STM32CubeIDE_1.15.0/STM32CubeIDE/plugins/com.st.stm32cube.ide.mcu.externaltools.gnu-tools-for-stm32.12.3.rel1.win32_1.0.100.202403111256/tools/bin/../lib/gcc/arm-none-eabi/12.3.1/thumb/v7e-m+fp/hard/crti.o
LOAD C:/ST/STM32CubeIDE_1.15.0/STM32CubeIDE/plugins/com.st.stm32cube.ide.mcu.externaltools.gnu-tools-for-stm32.12.3.rel1.win32_1.0.100.202403111256/tools/bin/../lib/gcc/arm-none-eabi/12.3.1/thumb/v7e-m+fp/hard/crtbegin.o
LOAD C:/ST/STM32CubeIDE_1.15.0/STM32CubeIDE/plugins/com.st.stm32cube.ide.mcu.externaltools.gnu-tools-for-stm32.12.3.rel1.win32_1.0.100.202403111256/tools/bin/../lib/gcc/arm-none-eabi/12.3.1/../../../../arm-none-eabi/lib/thumb/v7e-m+fp/hard/crt0.o
LOAD ./Core/Src/button.o
LOAD ./Core/Src/dcmotor.o
LOAD ./Core/Src/freertos.o
LOAD ./Core/Src/i2c_lcd.o
LOAD ./Core/Src/led.o
LOAD ./Core/Src/main.o
LOAD ./Core/Src/oled_ui.o
LOAD ./Core/Src/ssd1306.o
LOAD ./Core/Src/ssd1306_fonts.o
LOAD ./Core/Src/ssd1306_tests.o
LOAD ./Core/Src/stm32f4xx_hal_msp.o
LOAD ./Core/Src/stm32f4xx_hal_timebase_tim.o
LOAD ./Core/Src/stm32f4xx_it.o
LOAD ./Core/Src/syscalls.o
LOAD ./Core/Src/sysmem.o
LOAD ./Core/Src/system_stm32f4xx.o
LOAD ./Core/Src/timer.o
LOAD ./Core/Src/uart2.o
LOAD ./Core/Src/ultrasonic.o
LOAD ./Core/Startup/startup_stm32f411retx.o
LOAD ./Drivers/STM32F4xx_HAL_Driver/Src/stm32f4xx_hal.o
LOAD ./Drivers/STM32F4xx_HAL_Driver/Src/stm32f4xx_hal_cortex.o
LOAD ./Drivers/STM32F4xx_HAL_Driver/Src/stm32f4xx_hal_dma.o
LOAD ./Drivers/STM32F4xx_HAL_Driver/Src/stm32f4xx_hal_dma_ex.o
LOAD ./Drivers/STM32F4xx_HAL_Driver/Src/stm32f4xx_hal_exti.o
LOAD ./Drivers/STM32F4xx_HAL_Driver/Src/stm32f4xx_hal_flash.o
LOAD ./Drivers/STM32F4xx_HAL_Driver/Src/stm32f4xx_hal_flash_ex.o
LOAD ./Drivers/STM32F4xx_HAL_Driver/Src/stm32f4xx_hal_flash_ramfunc.o
LOAD ./Drivers/STM32F4xx_HAL_Driver/Src/stm32f4xx_hal_gpio.o
LOAD ./Drivers/STM32F4xx_HAL_Driver/Src/stm32f4xx_hal_i2c.o
LOAD ./Drivers/STM32F4xx_HAL_Driver/Src/stm32f4xx_hal_i2c_ex.o
LOAD ./Drivers/STM32F4xx_HAL_Driver/Src/stm32f4xx_hal_pwr.o
LOAD ./Drivers/STM32F4xx_HAL_Driver/Src/stm32f4xx_hal_pwr_ex.o
LOAD ./Drivers/STM32F4xx_HAL_Driver/Src/stm32f4xx_hal_rcc.o
LOAD ./Drivers/STM32F4xx_HAL_Driver/Src/stm32f4xx_hal_rcc_ex.o
LOAD ./Drivers/STM32F4xx_HAL_Driver/Src/stm32f4xx_hal_tim.o
LOAD ./Drivers/STM32F4xx_HAL_Driver/Src/stm32f4xx_hal_tim_ex.o
LOAD ./Drivers/STM32F4xx_HAL_Driver/Src/stm32f4xx_hal_uart.o
LOAD ./Middlewares/Third_Party/FreeRTOS/Source/CMSIS_RTOS_V2/cmsis_os2.o
LOAD ./Middlewares/Third_Party/FreeRTOS/Source/croutine.o
LOAD ./Middlewares/Third_Party/FreeRTOS/Source/event_groups.o
LOAD ./Middlewares/Third_Party/FreeRTOS/Source/list.o
LOAD ./Middlewares/Third_Party/FreeRTOS/Source/queue.o
LOAD ./Middlewares/Third_Party/FreeRTOS/Source/stream_buffer.o
LOAD ./Middlewares/Third_Party/FreeRTOS/Source/tasks.o
LOAD ./Middlewares/Third_Party/FreeRTOS/Source/timers.o
LOAD ./Middlewares/Third_Party/FreeRTOS/Source/portable/GCC/ARM_CM4F/port.o
LOAD ./Middlewares/Third_Party/FreeRTOS/Source/portable/MemMang/heap_4.o
START GROUP
LOAD C:/ST/STM32CubeIDE_1.15.0/STM32CubeIDE/plugins/com.st.stm32cube.ide.mcu.externaltools.gnu-tools-for-stm32.12.3.rel1.win32_1.0.100.202403111256/tools/bin/../lib/gcc/arm-none-eabi/12.3.1/../../../../arm-none-eabi/lib/thumb/v7e-m+fp/hard\libc_nano.a
LOAD C:/ST/STM32CubeIDE_1.15.0/STM32CubeIDE/plugins/com.st.stm32cube.ide.mcu.externaltools.gnu-tools-for-stm32.12.3.rel1.win32_1.0.100.202403111256/tools/bin/../lib/gcc/arm-none-eabi/12.3.1/../../../../arm-none-eabi/lib/thumb/v7e-m+fp/hard\libm.a
END GROUP
START GROUP
LOAD C:/ST/STM32CubeIDE_1.15.0/STM32CubeIDE/plugins/com.st.stm32cube.ide.mcu.externaltools.gnu-tools-for-stm32.12.3.rel1.win32_1.0.100.202403111256/tools/bin/../lib/gcc/arm-none-eabi/12.3.1/thumb/v7e-m+fp/hard\libgcc.a
LOAD C:/ST/STM32CubeIDE_1.15.0/STM32CubeIDE/plugins/com.st.stm32cube.ide.mcu.externaltools.gnu-tools-for-stm32.12.3.rel1.win32_1.0.100.202403111256/tools/bin/../lib/gcc/arm-none-eabi/12.3.1/../../../../arm-none-eabi/lib/thumb/v7e-m+fp/hard\libc_nano.a
END GROUP
START GROUP
LOAD C:/ST/STM32CubeIDE_1.15.0/STM32CubeIDE/plugins/com.st.stm32cube.ide.mcu.externaltools.gnu-tools-for-stm32.12.3.rel1.win32_1.0.100.202403111256/tools/bin/../lib/gcc/arm-none-eabi/12.3.1/thumb/v7e-m+fp/hard\libgcc.a
LOAD C:/ST/STM32CubeIDE_1.15.0/STM32CubeIDE/plugins/com.st.stm32cube.ide.mcu.externaltools.gnu-tools-for-stm32.12.3.rel1.win32_1.0.100.202403111256/tools/bin/../lib/gcc/arm-none-eabi/12.3.1/../../../../arm-none-eabi/lib/thumb/v7e-m+fp/hard\libc_nano.a
LOAD C:/ST/STM32CubeIDE_1.15.0/STM32CubeIDE/plugins/com.st.stm32cube.ide.mcu.externaltools.gnu-tools-for-stm32.12.3.rel1.win32_1.0.100.202403111256/tools/bin/../lib/gcc/arm-none-eabi/12.3.1/../../../../arm-none-eabi/lib/thumb/v7e-m+fp/hard\libnosys.a
END GROUP
START GROUP
LOAD C:/ST/STM32CubeIDE_1.15.0/STM32CubeIDE/plugins/com.st.stm32cube.ide.mcu.externaltools.gnu-tools-for-stm32.12.3.rel1.win32_1.0.100.202403111256/tools/bin/../lib/gcc/arm-none-eabi/12.3.1/thumb/v7e-m+fp/hard\libgcc.a
LOAD C:/ST/STM32CubeIDE_1.15.0/STM32CubeIDE/plugins/com.st.stm32cube.ide.mcu.externaltools.gnu-tools-for-stm32.12.3.rel1.win32_1.0.100.202403111256/tools/bin/../lib/gcc/arm-none-eabi/12.3.1/../../../../arm-none-eabi/lib/thumb/v7e-m+fp/hard\libc_nano.a
LOAD C:/ST/STM32CubeIDE_1.15.0/STM32CubeIDE/plugins/com.st.stm32cube.ide.mcu.externaltools.gnu-tools-for-stm32.12.3.rel1.win32_1.0.100.202403111256/tools/bin/../lib/gcc/arm-none-eabi/12.3.1/../../../../arm-none-eabi/lib/thumb/v7e-m+fp/hard\libnosys.a
END GROUP
LOAD C:/ST/STM32CubeIDE_1.15.0/STM32CubeIDE/plugins/com.st.stm32cube.ide.mcu.externaltools.gnu-tools-for-stm32.12.3.rel1.win32_1.0.100.202403111256/tools/bin/../lib/gcc/arm-none-eabi/12.3.1/thumb/v7e-m+fp/hard/crtend.o
LOAD C:/ST/STM32CubeIDE_1.15.0/STM32CubeIDE/plugins/com.st.stm32cube.ide.mcu.externaltools.gnu-tools-for-stm32.12.3.rel1.win32_1.0.100.202403111256/tools/bin/../lib/gcc/arm-none-eabi/12.3.1/thumb/v7e-m+fp/hard/crtn.o
                0x20020000                        _estack = (ORIGIN (RAM) + LENGTH (RAM))
                0x00000200                        _Min_Heap_Size = 0x200
                0x00000400                        _Min_Stack_Size = 0x400

.isr_vector     0x08000000      0x198
                0x08000000                        . = ALIGN (0x4)
 *(.isr_vector)
 .isr_vector    0x08000000      0x198 ./Core/Startup/startup_stm32f411retx.o
                0x08000000                g_pfnVectors
                0x08000198                        . = ALIGN (0x4)

.text           0x080001a0     0xae2c
                0x080001a0                        . = ALIGN (0x4)
 *(.text)
 .text          0x080001a0       0x40 C:/ST/STM32CubeIDE_1.15.0/STM32CubeIDE/plugins/com.st.stm32cube.ide.mcu.externaltools.gnu-tools-for-stm32.12.3.rel1.win32_1.0.100.202403111256/tools/bin/../lib/gcc/arm-none-eabi/12.3.1/thumb/v7e-m+fp/hard/crtbegin.o
 .text          0x080001e0       0xa0 C:/ST/STM32CubeIDE_1.15.0/STM32CubeIDE/plugins/com.st.stm32cube.ide.mcu.externaltools.gnu-tools-for-stm32.12.3.rel1.win32_1.0.100.202403111256/tools/bin/../lib/gcc/arm-none-eabi/12.3.1/../../../../arm-none-eabi/lib/thumb/v7e-m+fp/hard\libc_nano.a(libc_a-memchr.o)
                0x080001e0                memchr
 .text          0x08000280      0x378 C:/ST/STM32CubeIDE_1.15.0/STM32CubeIDE/plugins/com.st.stm32cube.ide.mcu.externaltools.gnu-tools-for-stm32.12.3.rel1.win32_1.0.100.202403111256/tools/bin/../lib/gcc/arm-none-eabi/12.3.1/thumb/v7e-m+fp/hard\libgcc.a(_arm_addsubdf3.o)
                0x08000280                __aeabi_drsub
                0x08000288                __aeabi_dsub
                0x08000288                __subdf3
                0x0800028c                __aeabi_dadd
                0x0800028c                __adddf3
                0x08000504                __floatunsidf
                0x08000504                __aeabi_ui2d
                0x08000524                __floatsidf
                0x08000524                __aeabi_i2d
                0x08000548                __aeabi_f2d
                0x08000548                __extendsfdf2
                0x0800058c                __floatundidf
                0x0800058c                __aeabi_ul2d
                0x0800059c                __floatdidf
                0x0800059c                __aeabi_l2d
 .text          0x080005f8      0x424 C:/ST/STM32CubeIDE_1.15.0/STM32CubeIDE/plugins/com.st.stm32cube.ide.mcu.externaltools.gnu-tools-for-stm32.12.3.rel1.win32_1.0.100.202403111256/tools/bin/../lib/gcc/arm-none-eabi/12.3.1/thumb/v7e-m+fp/hard\libgcc.a(_arm_muldivdf3.o)
                0x080005f8                __aeabi_dmul
                0x080005f8                __muldf3
                0x0800084c                __divdf3
                0x0800084c                __aeabi_ddiv
 .text          0x08000a1c       0x50 C:/ST/STM32CubeIDE_1.15.0/STM32CubeIDE/plugins/com.st.stm32cube.ide.mcu.externaltools.gnu-tools-for-stm32.12.3.rel1.win32_1.0.100.202403111256/tools/bin/../lib/gcc/arm-none-eabi/12.3.1/thumb/v7e-m+fp/hard\libgcc.a(_arm_fixdfsi.o)
                0x08000a1c                __aeabi_d2iz
                0x08000a1c                __fixdfsi
 .text          0x08000a6c       0x30 C:/ST/STM32CubeIDE_1.15.0/STM32CubeIDE/plugins/com.st.stm32cube.ide.mcu.externaltools.gnu-tools-for-stm32.12.3.rel1.win32_1.0.100.202403111256/tools/bin/../lib/gcc/arm-none-eabi/12.3.1/thumb/v7e-m+fp/hard\libgcc.a(_aeabi_uldivmod.o)
                0x08000a6c                __aeabi_uldivmod
 .text          0x08000a9c      0x2bc C:/ST/STM32CubeIDE_1.15.0/STM32CubeIDE/plugins/com.st.stm32cube.ide.mcu.externaltools.gnu-tools-for-stm32.12.3.rel1.win32_1.0.100.202403111256/tools/bin/../lib/gcc/arm-none-eabi/12.3.1/thumb/v7e-m+fp/hard\libgcc.a(_udivmoddi4.o)
                0x08000a9c                __udivmoddi4
 .text          0x08000d58        0x4 C:/ST/STM32CubeIDE_1.15.0/STM32CubeIDE/plugins/com.st.stm32cube.ide.mcu.externaltools.gnu-tools-for-stm32.12.3.rel1.win32_1.0.100.202403111256/tools/bin/../lib/gcc/arm-none-eabi/12.3.1/thumb/v7e-m+fp/hard\libgcc.a(_dvmd_tls.o)
                0x08000d58                __aeabi_idiv0
                0x08000d58                __aeabi_ldiv0
 *(.text*)
 .text.get_button
                0x08000d5c       0x78 ./Core/Src/button.o
                0x08000d5c                get_button
 .text.left_forward
                0x08000dd4       0x20 ./Core/Src/dcmotor.o
                0x08000dd4                left_forward
 .text.right_forward
                0x08000df4       0x24 ./Core/Src/dcmotor.o
                0x08000df4                right_forward
 .text.left_backward
                0x08000e18       0x20 ./Core/Src/dcmotor.o
                0x08000e18                left_backward
 .text.right_backward
                0x08000e38       0x24 ./Core/Src/dcmotor.o
                0x08000e38                right_backward
 .text.all_foward
                0x08000e5c       0x10 ./Core/Src/dcmotor.o
                0x08000e5c                all_foward
 .text.all_backward
                0x08000e6c       0x10 ./Core/Src/dcmotor.o
                0x08000e6c                all_backward
 .text.left_speed
                0x08000e7c       0x30 ./Core/Src/dcmotor.o
                0x08000e7c                left_speed
 .text.right_speed
                0x08000eac       0x30 ./Core/Src/dcmotor.o
                0x08000eac                right_speed
 .text.all_stop
                0x08000edc       0x14 ./Core/Src/dcmotor.o
                0x08000edc                all_stop
 .text.forward  0x08000ef0       0x28 ./Core/Src/dcmotor.o
                0x08000ef0                forward
 .text.backward
                0x08000f18       0x28 ./Core/Src/dcmotor.o
                0x08000f18                backward
 .text.stop     0x08000f40       0x3c ./Core/Src/dcmotor.o
                0x08000f40                stop
 .text.turn_left_only_back
                0x08000f7c       0x28 ./Core/Src/dcmotor.o
                0x08000f7c                turn_left_only_back
 .text.turn_right_only_back
                0x08000fa4       0x28 ./Core/Src/dcmotor.o
                0x08000fa4                turn_right_only_back
 .text.mode_check
                0x08000fcc       0x70 ./Core/Src/dcmotor.o
                0x08000fcc                mode_check
 .text.auto_drive
                0x0800103c       0xe0 ./Core/Src/dcmotor.o
                0x0800103c                auto_drive
 .text.manual_mode_run
                0x0800111c       0xa0 ./Core/Src/dcmotor.o
                0x0800111c                manual_mode_run
 .text.lcd_command
                0x080011bc       0x68 ./Core/Src/i2c_lcd.o
                0x080011bc                lcd_command
 .text.lcd_data
                0x08001224       0x68 ./Core/Src/i2c_lcd.o
                0x08001224                lcd_data
 .text.i2c_lcd_init
                0x0800128c       0x32 ./Core/Src/i2c_lcd.o
                0x0800128c                i2c_lcd_init
 .text.lcd_string
                0x080012be       0x2a ./Core/Src/i2c_lcd.o
                0x080012be                lcd_string
 .text.move_cursor
                0x080012e8       0x30 ./Core/Src/i2c_lcd.o
                0x080012e8                move_cursor
 .text.__io_putchar
                0x08001318       0x24 ./Core/Src/main.o
                0x08001318                __io_putchar
 .text.main     0x0800133c      0x13c ./Core/Src/main.o
                0x0800133c                main
 .text.SystemClock_Config
                0x08001478       0xd0 ./Core/Src/main.o
                0x08001478                SystemClock_Config
 .text.MX_I2C1_Init
                0x08001548       0x5c ./Core/Src/main.o
 .text.MX_TIM1_Init
                0x080015a4      0x114 ./Core/Src/main.o
 .text.MX_TIM2_Init
                0x080016b8       0x98 ./Core/Src/main.o
 .text.MX_TIM3_Init
                0x08001750       0xc8 ./Core/Src/main.o
 .text.MX_TIM10_Init
                0x08001818       0x48 ./Core/Src/main.o
 .text.MX_USART1_UART_Init
                0x08001860       0x54 ./Core/Src/main.o
 .text.MX_USART2_UART_Init
                0x080018b4       0x54 ./Core/Src/main.o
 .text.MX_GPIO_Init
                0x08001908      0x104 ./Core/Src/main.o
 .text.StartDefaultTask
                0x08001a0c       0x16 ./Core/Src/main.o
                0x08001a0c                StartDefaultTask
 *fill*         0x08001a22        0x2 
 .text.StartTask01
                0x08001a24       0x2c ./Core/Src/main.o
                0x08001a24                StartTask01
 .text.StartTask02
                0x08001a50       0x16 ./Core/Src/main.o
                0x08001a50                StartTask02
 .text.StartTask03
                0x08001a66       0x1a ./Core/Src/main.o
                0x08001a66                StartTask03
 .text.HAL_TIM_PeriodElapsedCallback
                0x08001a80       0x5c ./Core/Src/main.o
                0x08001a80                HAL_TIM_PeriodElapsedCallback
 .text.Error_Handler
                0x08001adc        0xc ./Core/Src/main.o
                0x08001adc                Error_Handler
 .text.oled_display_main
                0x08001ae8      0x160 ./Core/Src/oled_ui.o
                0x08001ae8                oled_display_main
 .text.ssd1306_Reset
                0x08001c48        0xe ./Core/Src/ssd1306.o
                0x08001c48                ssd1306_Reset
 *fill*         0x08001c56        0x2 
 .text.ssd1306_WriteCommand
                0x08001c58       0x30 ./Core/Src/ssd1306.o
                0x08001c58                ssd1306_WriteCommand
 .text.ssd1306_WriteData
                0x08001c88       0x34 ./Core/Src/ssd1306.o
                0x08001c88                ssd1306_WriteData
 .text.ssd1306_Init
                0x08001cbc       0xd4 ./Core/Src/ssd1306.o
                0x08001cbc                ssd1306_Init
 .text.ssd1306_Fill
                0x08001d90       0x30 ./Core/Src/ssd1306.o
                0x08001d90                ssd1306_Fill
 .text.ssd1306_UpdateScreen
                0x08001dc0       0x50 ./Core/Src/ssd1306.o
                0x08001dc0                ssd1306_UpdateScreen
 .text.ssd1306_DrawPixel
                0x08001e10       0xa8 ./Core/Src/ssd1306.o
                0x08001e10                ssd1306_DrawPixel
 .text.ssd1306_WriteChar
                0x08001eb8      0x124 ./Core/Src/ssd1306.o
                0x08001eb8                ssd1306_WriteChar
 .text.ssd1306_WriteString
                0x08001fdc       0x4c ./Core/Src/ssd1306.o
                0x08001fdc                ssd1306_WriteString
 .text.ssd1306_SetCursor
                0x08002028       0x30 ./Core/Src/ssd1306.o
                0x08002028                ssd1306_SetCursor
 .text.ssd1306_InvertRectangle
                0x08002058      0x178 ./Core/Src/ssd1306.o
                0x08002058                ssd1306_InvertRectangle
 .text.ssd1306_SetContrast
                0x080021d0       0x26 ./Core/Src/ssd1306.o
                0x080021d0                ssd1306_SetContrast
 *fill*         0x080021f6        0x2 
 .text.ssd1306_SetDisplayOn
                0x080021f8       0x3c ./Core/Src/ssd1306.o
                0x080021f8                ssd1306_SetDisplayOn
 .text.HAL_MspInit
                0x08002234       0x58 ./Core/Src/stm32f4xx_hal_msp.o
                0x08002234                HAL_MspInit
 .text.HAL_I2C_MspInit
                0x0800228c       0x90 ./Core/Src/stm32f4xx_hal_msp.o
                0x0800228c                HAL_I2C_MspInit
 .text.HAL_TIM_Base_MspInit
                0x0800231c      0x134 ./Core/Src/stm32f4xx_hal_msp.o
                0x0800231c                HAL_TIM_Base_MspInit
 .text.HAL_TIM_PWM_MspInit
                0x08002450       0x50 ./Core/Src/stm32f4xx_hal_msp.o
                0x08002450                HAL_TIM_PWM_MspInit
 .text.HAL_TIM_MspPostInit
                0x080024a0       0x74 ./Core/Src/stm32f4xx_hal_msp.o
                0x080024a0                HAL_TIM_MspPostInit
 .text.HAL_UART_MspInit
                0x08002514      0x118 ./Core/Src/stm32f4xx_hal_msp.o
                0x08002514                HAL_UART_MspInit
 .text.HAL_InitTick
                0x0800262c       0xe4 ./Core/Src/stm32f4xx_hal_timebase_tim.o
                0x0800262c                HAL_InitTick
 .text.NMI_Handler
                0x08002710        0x8 ./Core/Src/stm32f4xx_it.o
                0x08002710                NMI_Handler
 .text.HardFault_Handler
                0x08002718        0x8 ./Core/Src/stm32f4xx_it.o
                0x08002718                HardFault_Handler
 .text.MemManage_Handler
                0x08002720        0x8 ./Core/Src/stm32f4xx_it.o
                0x08002720                MemManage_Handler
 .text.BusFault_Handler
                0x08002728        0x8 ./Core/Src/stm32f4xx_it.o
                0x08002728                BusFault_Handler
 .text.UsageFault_Handler
                0x08002730        0x8 ./Core/Src/stm32f4xx_it.o
                0x08002730                UsageFault_Handler
 .text.DebugMon_Handler
                0x08002738        0xe ./Core/Src/stm32f4xx_it.o
                0x08002738                DebugMon_Handler
 *fill*         0x08002746        0x2 
 .text.TIM1_BRK_TIM9_IRQHandler
                0x08002748       0x14 ./Core/Src/stm32f4xx_it.o
                0x08002748                TIM1_BRK_TIM9_IRQHandler
 .text.TIM1_UP_TIM10_IRQHandler
                0x0800275c       0x1c ./Core/Src/stm32f4xx_it.o
                0x0800275c                TIM1_UP_TIM10_IRQHandler
 .text.TIM1_TRG_COM_TIM11_IRQHandler
                0x08002778       0x1c ./Core/Src/stm32f4xx_it.o
                0x08002778                TIM1_TRG_COM_TIM11_IRQHandler
 .text.TIM1_CC_IRQHandler
                0x08002794       0x14 ./Core/Src/stm32f4xx_it.o
                0x08002794                TIM1_CC_IRQHandler
 .text.TIM3_IRQHandler
                0x080027a8       0x14 ./Core/Src/stm32f4xx_it.o
                0x080027a8                TIM3_IRQHandler
 .text.USART1_IRQHandler
                0x080027bc       0x14 ./Core/Src/stm32f4xx_it.o
                0x080027bc                USART1_IRQHandler
 .text.USART2_IRQHandler
                0x080027d0       0x14 ./Core/Src/stm32f4xx_it.o
                0x080027d0                USART2_IRQHandler
 .text._read    0x080027e4       0x3a ./Core/Src/syscalls.o
                0x080027e4                _read
 .text._write   0x0800281e       0x38 ./Core/Src/syscalls.o
                0x0800281e                _write
 .text._close   0x08002856       0x18 ./Core/Src/syscalls.o
                0x08002856                _close
 .text._fstat   0x0800286e       0x20 ./Core/Src/syscalls.o
                0x0800286e                _fstat
 .text._isatty  0x0800288e       0x16 ./Core/Src/syscalls.o
                0x0800288e                _isatty
 .text._lseek   0x080028a4       0x1a ./Core/Src/syscalls.o
                0x080028a4                _lseek
 *fill*         0x080028be        0x2 
 .text._sbrk    0x080028c0       0x6c ./Core/Src/sysmem.o
                0x080028c0                _sbrk
 .text.SystemInit
                0x0800292c       0x24 ./Core/Src/system_stm32f4xx.o
                0x0800292c                SystemInit
 .text.delay_us
                0x08002950       0x30 ./Core/Src/timer.o
                0x08002950                delay_us
 .text.HAL_UART_RxCpltCallback
                0x08002980       0xcc ./Core/Src/uart2.o
                0x08002980                HAL_UART_RxCpltCallback
 .text.make_trigger
                0x08002a4c       0x44 ./Core/Src/ultrasonic.o
                0x08002a4c                make_trigger
 .text.HAL_TIM_IC_CaptureCallback
                0x08002a90      0x17c ./Core/Src/ultrasonic.o
                0x08002a90                HAL_TIM_IC_CaptureCallback
 .text.ultrasonic_main
                0x08002c0c       0x98 ./Core/Src/ultrasonic.o
                0x08002c0c                ultrasonic_main
 .text.Reset_Handler
                0x08002ca4       0x50 ./Core/Startup/startup_stm32f411retx.o
                0x08002ca4                Reset_Handler
 .text.Default_Handler
                0x08002cf4        0x2 ./Core/Startup/startup_stm32f411retx.o
                0x08002cf4                RTC_Alarm_IRQHandler
                0x08002cf4                EXTI2_IRQHandler
                0x08002cf4                SPI4_IRQHandler
                0x08002cf4                DMA2_Stream5_IRQHandler
                0x08002cf4                DMA1_Stream5_IRQHandler
                0x08002cf4                PVD_IRQHandler
                0x08002cf4                SDIO_IRQHandler
                0x08002cf4                TAMP_STAMP_IRQHandler
                0x08002cf4                EXTI3_IRQHandler
                0x08002cf4                I2C3_ER_IRQHandler
                0x08002cf4                EXTI0_IRQHandler
                0x08002cf4                I2C2_EV_IRQHandler
                0x08002cf4                DMA1_Stream2_IRQHandler
                0x08002cf4                FPU_IRQHandler
                0x08002cf4                DMA2_Stream2_IRQHandler
                0x08002cf4                SPI1_IRQHandler
                0x08002cf4                DMA2_Stream3_IRQHandler
                0x08002cf4                USART6_IRQHandler
                0x08002cf4                DMA2_Stream0_IRQHandler
                0x08002cf4                TIM4_IRQHandler
                0x08002cf4                I2C1_EV_IRQHandler
                0x08002cf4                DMA1_Stream6_IRQHandler
                0x08002cf4                DMA1_Stream1_IRQHandler
                0x08002cf4                RCC_IRQHandler
                0x08002cf4                Default_Handler
                0x08002cf4                EXTI15_10_IRQHandler
                0x08002cf4                ADC_IRQHandler
                0x08002cf4                DMA1_Stream7_IRQHandler
                0x08002cf4                SPI5_IRQHandler
                0x08002cf4                TIM5_IRQHandler
                0x08002cf4                DMA2_Stream7_IRQHandler
                0x08002cf4                I2C3_EV_IRQHandler
                0x08002cf4                EXTI9_5_IRQHandler
                0x08002cf4                RTC_WKUP_IRQHandler
                0x08002cf4                SPI2_IRQHandler
                0x08002cf4                DMA1_Stream0_IRQHandler
                0x08002cf4                EXTI4_IRQHandler
                0x08002cf4                WWDG_IRQHandler
                0x08002cf4                TIM2_IRQHandler
                0x08002cf4                OTG_FS_WKUP_IRQHandler
                0x08002cf4                EXTI1_IRQHandler
                0x08002cf4                I2C2_ER_IRQHandler
                0x08002cf4                DMA2_Stream1_IRQHandler
                0x08002cf4                FLASH_IRQHandler
                0x08002cf4                DMA2_Stream4_IRQHandler
                0x08002cf4                OTG_FS_IRQHandler
                0x08002cf4                SPI3_IRQHandler
                0x08002cf4                DMA1_Stream4_IRQHandler
                0x08002cf4                I2C1_ER_IRQHandler
                0x08002cf4                DMA2_Stream6_IRQHandler
                0x08002cf4                DMA1_Stream3_IRQHandler
 *fill*         0x08002cf6        0x2 
 .text.HAL_Init
                0x08002cf8       0x44 ./Drivers/STM32F4xx_HAL_Driver/Src/stm32f4xx_hal.o
                0x08002cf8                HAL_Init
 .text.HAL_IncTick
                0x08002d3c       0x28 ./Drivers/STM32F4xx_HAL_Driver/Src/stm32f4xx_hal.o
                0x08002d3c                HAL_IncTick
 .text.HAL_GetTick
                0x08002d64       0x18 ./Drivers/STM32F4xx_HAL_Driver/Src/stm32f4xx_hal.o
                0x08002d64                HAL_GetTick
 .text.HAL_Delay
                0x08002d7c       0x48 ./Drivers/STM32F4xx_HAL_Driver/Src/stm32f4xx_hal.o
                0x08002d7c                HAL_Delay
 .text.__NVIC_SetPriorityGrouping
                0x08002dc4       0x48 ./Drivers/STM32F4xx_HAL_Driver/Src/stm32f4xx_hal_cortex.o
 .text.__NVIC_GetPriorityGrouping
                0x08002e0c       0x1c ./Drivers/STM32F4xx_HAL_Driver/Src/stm32f4xx_hal_cortex.o
 .text.__NVIC_EnableIRQ
                0x08002e28       0x3c ./Drivers/STM32F4xx_HAL_Driver/Src/stm32f4xx_hal_cortex.o
 .text.__NVIC_SetPriority
                0x08002e64       0x54 ./Drivers/STM32F4xx_HAL_Driver/Src/stm32f4xx_hal_cortex.o
 .text.NVIC_EncodePriority
                0x08002eb8       0x66 ./Drivers/STM32F4xx_HAL_Driver/Src/stm32f4xx_hal_cortex.o
 .text.HAL_NVIC_SetPriorityGrouping
                0x08002f1e       0x16 ./Drivers/STM32F4xx_HAL_Driver/Src/stm32f4xx_hal_cortex.o
                0x08002f1e                HAL_NVIC_SetPriorityGrouping
 .text.HAL_NVIC_SetPriority
                0x08002f34       0x38 ./Drivers/STM32F4xx_HAL_Driver/Src/stm32f4xx_hal_cortex.o
                0x08002f34                HAL_NVIC_SetPriority
 .text.HAL_NVIC_EnableIRQ
                0x08002f6c       0x1c ./Drivers/STM32F4xx_HAL_Driver/Src/stm32f4xx_hal_cortex.o
                0x08002f6c                HAL_NVIC_EnableIRQ
 .text.HAL_DMA_Abort
                0x08002f88       0xe0 ./Drivers/STM32F4xx_HAL_Driver/Src/stm32f4xx_hal_dma.o
                0x08002f88                HAL_DMA_Abort
 .text.HAL_DMA_Abort_IT
                0x08003068       0x44 ./Drivers/STM32F4xx_HAL_Driver/Src/stm32f4xx_hal_dma.o
                0x08003068                HAL_DMA_Abort_IT
 .text.HAL_GPIO_Init
                0x080030ac      0x308 ./Drivers/STM32F4xx_HAL_Driver/Src/stm32f4xx_hal_gpio.o
                0x080030ac                HAL_GPIO_Init
 .text.HAL_GPIO_ReadPin
                0x080033b4       0x30 ./Drivers/STM32F4xx_HAL_Driver/Src/stm32f4xx_hal_gpio.o
                0x080033b4                HAL_GPIO_ReadPin
 .text.HAL_GPIO_WritePin
                0x080033e4       0x32 ./Drivers/STM32F4xx_HAL_Driver/Src/stm32f4xx_hal_gpio.o
                0x080033e4                HAL_GPIO_WritePin
 *fill*         0x08003416        0x2 
 .text.HAL_I2C_Init
                0x08003418      0x288 ./Drivers/STM32F4xx_HAL_Driver/Src/stm32f4xx_hal_i2c.o
                0x08003418                HAL_I2C_Init
 .text.HAL_I2C_Master_Transmit
                0x080036a0      0x1fc ./Drivers/STM32F4xx_HAL_Driver/Src/stm32f4xx_hal_i2c.o
                0x080036a0                HAL_I2C_Master_Transmit
 .text.HAL_I2C_Mem_Write
                0x0800389c      0x1f4 ./Drivers/STM32F4xx_HAL_Driver/Src/stm32f4xx_hal_i2c.o
                0x0800389c                HAL_I2C_Mem_Write
 .text.I2C_MasterRequestWrite
                0x08003a90      0x104 ./Drivers/STM32F4xx_HAL_Driver/Src/stm32f4xx_hal_i2c.o
 .text.I2C_RequestMemoryWrite
                0x08003b94      0x12c ./Drivers/STM32F4xx_HAL_Driver/Src/stm32f4xx_hal_i2c.o
 .text.I2C_WaitOnFlagUntilTimeout
                0x08003cc0       0xf4 ./Drivers/STM32F4xx_HAL_Driver/Src/stm32f4xx_hal_i2c.o
 .text.I2C_WaitOnMasterAddressFlagUntilTimeout
                0x08003db4      0x140 ./Drivers/STM32F4xx_HAL_Driver/Src/stm32f4xx_hal_i2c.o
 .text.I2C_WaitOnTXEFlagUntilTimeout
                0x08003ef4       0x90 ./Drivers/STM32F4xx_HAL_Driver/Src/stm32f4xx_hal_i2c.o
 .text.I2C_WaitOnBTFFlagUntilTimeout
                0x08003f84       0x90 ./Drivers/STM32F4xx_HAL_Driver/Src/stm32f4xx_hal_i2c.o
 .text.I2C_IsAcknowledgeFailed
                0x08004014       0x5e ./Drivers/STM32F4xx_HAL_Driver/Src/stm32f4xx_hal_i2c.o
 *fill*         0x08004072        0x2 
 .text.HAL_RCC_OscConfig
                0x08004074      0x4f0 ./Drivers/STM32F4xx_HAL_Driver/Src/stm32f4xx_hal_rcc.o
                0x08004074                HAL_RCC_OscConfig
 .text.HAL_RCC_ClockConfig
                0x08004564      0x1cc ./Drivers/STM32F4xx_HAL_Driver/Src/stm32f4xx_hal_rcc.o
                0x08004564                HAL_RCC_ClockConfig
 .text.HAL_RCC_GetSysClockFreq
                0x08004730      0x20c ./Drivers/STM32F4xx_HAL_Driver/Src/stm32f4xx_hal_rcc.o
                0x08004730                HAL_RCC_GetSysClockFreq
 .text.HAL_RCC_GetHCLKFreq
                0x0800493c       0x18 ./Drivers/STM32F4xx_HAL_Driver/Src/stm32f4xx_hal_rcc.o
                0x0800493c                HAL_RCC_GetHCLKFreq
 .text.HAL_RCC_GetPCLK1Freq
                0x08004954       0x28 ./Drivers/STM32F4xx_HAL_Driver/Src/stm32f4xx_hal_rcc.o
                0x08004954                HAL_RCC_GetPCLK1Freq
 .text.HAL_RCC_GetPCLK2Freq
                0x0800497c       0x28 ./Drivers/STM32F4xx_HAL_Driver/Src/stm32f4xx_hal_rcc.o
                0x0800497c                HAL_RCC_GetPCLK2Freq
 .text.HAL_RCC_GetClockConfig
                0x080049a4       0x64 ./Drivers/STM32F4xx_HAL_Driver/Src/stm32f4xx_hal_rcc.o
                0x080049a4                HAL_RCC_GetClockConfig
 .text.HAL_TIM_Base_Init
                0x08004a08       0x9e ./Drivers/STM32F4xx_HAL_Driver/Src/stm32f4xx_hal_tim.o
                0x08004a08                HAL_TIM_Base_Init
 *fill*         0x08004aa6        0x2 
 .text.HAL_TIM_Base_Start_IT
                0x08004aa8       0xc4 ./Drivers/STM32F4xx_HAL_Driver/Src/stm32f4xx_hal_tim.o
                0x08004aa8                HAL_TIM_Base_Start_IT
 .text.HAL_TIM_PWM_Init
                0x08004b6c       0x9e ./Drivers/STM32F4xx_HAL_Driver/Src/stm32f4xx_hal_tim.o
                0x08004b6c                HAL_TIM_PWM_Init
 *fill*         0x08004c0a        0x2 
 .text.HAL_TIM_PWM_Start
                0x08004c0c      0x160 ./Drivers/STM32F4xx_HAL_Driver/Src/stm32f4xx_hal_tim.o
                0x08004c0c                HAL_TIM_PWM_Start
 .text.HAL_TIM_PWM_Start_IT
                0x08004d6c      0x1fc ./Drivers/STM32F4xx_HAL_Driver/Src/stm32f4xx_hal_tim.o
                0x08004d6c                HAL_TIM_PWM_Start_IT
 .text.HAL_TIM_IC_Init
                0x08004f68       0x9e ./Drivers/STM32F4xx_HAL_Driver/Src/stm32f4xx_hal_tim.o
                0x08004f68                HAL_TIM_IC_Init
 .text.HAL_TIM_IC_MspInit
                0x08005006       0x14 ./Drivers/STM32F4xx_HAL_Driver/Src/stm32f4xx_hal_tim.o
                0x08005006                HAL_TIM_IC_MspInit
 *fill*         0x0800501a        0x2 
 .text.HAL_TIM_IC_Start_IT
                0x0800501c      0x234 ./Drivers/STM32F4xx_HAL_Driver/Src/stm32f4xx_hal_tim.o
                0x0800501c                HAL_TIM_IC_Start_IT
 .text.HAL_TIM_IRQHandler
                0x08005250      0x1e0 ./Drivers/STM32F4xx_HAL_Driver/Src/stm32f4xx_hal_tim.o
                0x08005250                HAL_TIM_IRQHandler
 .text.HAL_TIM_IC_ConfigChannel
                0x08005430      0x138 ./Drivers/STM32F4xx_HAL_Driver/Src/stm32f4xx_hal_tim.o
                0x08005430                HAL_TIM_IC_ConfigChannel
 .text.HAL_TIM_PWM_ConfigChannel
                0x08005568      0x184 ./Drivers/STM32F4xx_HAL_Driver/Src/stm32f4xx_hal_tim.o
                0x08005568                HAL_TIM_PWM_ConfigChannel
 .text.HAL_TIM_ConfigClockSource
                0x080056ec      0x18e ./Drivers/STM32F4xx_HAL_Driver/Src/stm32f4xx_hal_tim.o
                0x080056ec                HAL_TIM_ConfigClockSource
 *fill*         0x0800587a        0x2 
 .text.HAL_TIM_ReadCapturedValue
                0x0800587c       0x88 ./Drivers/STM32F4xx_HAL_Driver/Src/stm32f4xx_hal_tim.o
                0x0800587c                HAL_TIM_ReadCapturedValue
 .text.HAL_TIM_OC_DelayElapsedCallback
                0x08005904       0x14 ./Drivers/STM32F4xx_HAL_Driver/Src/stm32f4xx_hal_tim.o
                0x08005904                HAL_TIM_OC_DelayElapsedCallback
 .text.HAL_TIM_PWM_PulseFinishedCallback
                0x08005918       0x14 ./Drivers/STM32F4xx_HAL_Driver/Src/stm32f4xx_hal_tim.o
                0x08005918                HAL_TIM_PWM_PulseFinishedCallback
 .text.HAL_TIM_TriggerCallback
                0x0800592c       0x14 ./Drivers/STM32F4xx_HAL_Driver/Src/stm32f4xx_hal_tim.o
                0x0800592c                HAL_TIM_TriggerCallback
 .text.TIM_Base_SetConfig
                0x08005940      0x10c ./Drivers/STM32F4xx_HAL_Driver/Src/stm32f4xx_hal_tim.o
                0x08005940                TIM_Base_SetConfig
 .text.TIM_OC1_SetConfig
                0x08005a4c       0xcc ./Drivers/STM32F4xx_HAL_Driver/Src/stm32f4xx_hal_tim.o
 .text.TIM_OC2_SetConfig
                0x08005b18       0xd8 ./Drivers/STM32F4xx_HAL_Driver/Src/stm32f4xx_hal_tim.o
                0x08005b18                TIM_OC2_SetConfig
 .text.TIM_OC3_SetConfig
                0x08005bf0       0xd4 ./Drivers/STM32F4xx_HAL_Driver/Src/stm32f4xx_hal_tim.o
 .text.TIM_OC4_SetConfig
                0x08005cc4       0xa0 ./Drivers/STM32F4xx_HAL_Driver/Src/stm32f4xx_hal_tim.o
 .text.TIM_TI1_SetConfig
                0x08005d64       0xd0 ./Drivers/STM32F4xx_HAL_Driver/Src/stm32f4xx_hal_tim.o
                0x08005d64                TIM_TI1_SetConfig
 .text.TIM_TI1_ConfigInputStage
                0x08005e34       0x5e ./Drivers/STM32F4xx_HAL_Driver/Src/stm32f4xx_hal_tim.o
 .text.TIM_TI2_SetConfig
                0x08005e92       0x7a ./Drivers/STM32F4xx_HAL_Driver/Src/stm32f4xx_hal_tim.o
 .text.TIM_TI2_ConfigInputStage
                0x08005f0c       0x60 ./Drivers/STM32F4xx_HAL_Driver/Src/stm32f4xx_hal_tim.o
 .text.TIM_TI3_SetConfig
                0x08005f6c       0x78 ./Drivers/STM32F4xx_HAL_Driver/Src/stm32f4xx_hal_tim.o
 .text.TIM_TI4_SetConfig
                0x08005fe4       0x7a ./Drivers/STM32F4xx_HAL_Driver/Src/stm32f4xx_hal_tim.o
 .text.TIM_ITRx_SetConfig
                0x0800605e       0x36 ./Drivers/STM32F4xx_HAL_Driver/Src/stm32f4xx_hal_tim.o
 .text.TIM_ETR_SetConfig
                0x08006094       0x40 ./Drivers/STM32F4xx_HAL_Driver/Src/stm32f4xx_hal_tim.o
                0x08006094                TIM_ETR_SetConfig
 .text.TIM_CCxChannelCmd
                0x080060d4       0x4a ./Drivers/STM32F4xx_HAL_Driver/Src/stm32f4xx_hal_tim.o
                0x080060d4                TIM_CCxChannelCmd
 *fill*         0x0800611e        0x2 
 .text.HAL_TIMEx_MasterConfigSynchronization
                0x08006120       0xdc ./Drivers/STM32F4xx_HAL_Driver/Src/stm32f4xx_hal_tim_ex.o
                0x08006120                HAL_TIMEx_MasterConfigSynchronization
 .text.HAL_TIMEx_CommutCallback
                0x080061fc       0x14 ./Drivers/STM32F4xx_HAL_Driver/Src/stm32f4xx_hal_tim_ex.o
                0x080061fc                HAL_TIMEx_CommutCallback
 .text.HAL_TIMEx_BreakCallback
                0x08006210       0x14 ./Drivers/STM32F4xx_HAL_Driver/Src/stm32f4xx_hal_tim_ex.o
                0x08006210                HAL_TIMEx_BreakCallback
 .text.HAL_UART_Init
                0x08006224       0xa0 ./Drivers/STM32F4xx_HAL_Driver/Src/stm32f4xx_hal_uart.o
                0x08006224                HAL_UART_Init
 .text.HAL_UART_Transmit
                0x080062c4      0x116 ./Drivers/STM32F4xx_HAL_Driver/Src/stm32f4xx_hal_uart.o
                0x080062c4                HAL_UART_Transmit
 .text.HAL_UART_Receive_IT
                0x080063da       0x4a ./Drivers/STM32F4xx_HAL_Driver/Src/stm32f4xx_hal_uart.o
                0x080063da                HAL_UART_Receive_IT
 .text.HAL_UART_IRQHandler
                0x08006424      0x554 ./Drivers/STM32F4xx_HAL_Driver/Src/stm32f4xx_hal_uart.o
                0x08006424                HAL_UART_IRQHandler
 .text.HAL_UART_TxCpltCallback
                0x08006978       0x14 ./Drivers/STM32F4xx_HAL_Driver/Src/stm32f4xx_hal_uart.o
                0x08006978                HAL_UART_TxCpltCallback
 .text.HAL_UART_ErrorCallback
                0x0800698c       0x14 ./Drivers/STM32F4xx_HAL_Driver/Src/stm32f4xx_hal_uart.o
                0x0800698c                HAL_UART_ErrorCallback
 .text.HAL_UARTEx_RxEventCallback
                0x080069a0       0x18 ./Drivers/STM32F4xx_HAL_Driver/Src/stm32f4xx_hal_uart.o
                0x080069a0                HAL_UARTEx_RxEventCallback
 .text.UART_WaitOnFlagUntilTimeout
                0x080069b8       0xb2 ./Drivers/STM32F4xx_HAL_Driver/Src/stm32f4xx_hal_uart.o
 .text.UART_Start_Receive_IT
                0x08006a6a       0x74 ./Drivers/STM32F4xx_HAL_Driver/Src/stm32f4xx_hal_uart.o
                0x08006a6a                UART_Start_Receive_IT
 .text.UART_EndRxTransfer
                0x08006ade       0xc6 ./Drivers/STM32F4xx_HAL_Driver/Src/stm32f4xx_hal_uart.o
 .text.UART_DMAAbortOnError
                0x08006ba4       0x22 ./Drivers/STM32F4xx_HAL_Driver/Src/stm32f4xx_hal_uart.o
 .text.UART_Transmit_IT
                0x08006bc6       0xa0 ./Drivers/STM32F4xx_HAL_Driver/Src/stm32f4xx_hal_uart.o
 .text.UART_EndTransmit_IT
                0x08006c66       0x30 ./Drivers/STM32F4xx_HAL_Driver/Src/stm32f4xx_hal_uart.o
 .text.UART_Receive_IT
                0x08006c96      0x17c ./Drivers/STM32F4xx_HAL_Driver/Src/stm32f4xx_hal_uart.o
 *fill*         0x08006e12        0x2 
 .text.UART_SetConfig
                0x08006e14      0x4e8 ./Drivers/STM32F4xx_HAL_Driver/Src/stm32f4xx_hal_uart.o
 .text.__NVIC_SetPriority
                0x080072fc       0x54 ./Middlewares/Third_Party/FreeRTOS/Source/CMSIS_RTOS_V2/cmsis_os2.o
 .text.SysTick_Handler
                0x08007350       0x20 ./Middlewares/Third_Party/FreeRTOS/Source/CMSIS_RTOS_V2/cmsis_os2.o
                0x08007350                SysTick_Handler
 .text.SVC_Setup
                0x08007370       0x12 ./Middlewares/Third_Party/FreeRTOS/Source/CMSIS_RTOS_V2/cmsis_os2.o
 *fill*         0x08007382        0x2 
 .text.osKernelInitialize
                0x08007384       0x48 ./Middlewares/Third_Party/FreeRTOS/Source/CMSIS_RTOS_V2/cmsis_os2.o
                0x08007384                osKernelInitialize
 .text.osKernelStart
                0x080073cc       0x4c ./Middlewares/Third_Party/FreeRTOS/Source/CMSIS_RTOS_V2/cmsis_os2.o
                0x080073cc                osKernelStart
 .text.osThreadNew
                0x08007418      0x124 ./Middlewares/Third_Party/FreeRTOS/Source/CMSIS_RTOS_V2/cmsis_os2.o
                0x08007418                osThreadNew
 .text.osDelay  0x0800753c       0x36 ./Middlewares/Third_Party/FreeRTOS/Source/CMSIS_RTOS_V2/cmsis_os2.o
                0x0800753c                osDelay
 *fill*         0x08007572        0x2 
 .text.vApplicationGetIdleTaskMemory
                0x08007574       0x34 ./Middlewares/Third_Party/FreeRTOS/Source/CMSIS_RTOS_V2/cmsis_os2.o
                0x08007574                vApplicationGetIdleTaskMemory
 .text.vApplicationGetTimerTaskMemory
                0x080075a8       0x34 ./Middlewares/Third_Party/FreeRTOS/Source/CMSIS_RTOS_V2/cmsis_os2.o
                0x080075a8                vApplicationGetTimerTaskMemory
 .text.vListInitialise
                0x080075dc       0x40 ./Middlewares/Third_Party/FreeRTOS/Source/list.o
                0x080075dc                vListInitialise
 .text.vListInitialiseItem
                0x0800761c       0x1a ./Middlewares/Third_Party/FreeRTOS/Source/list.o
                0x0800761c                vListInitialiseItem
 .text.vListInsertEnd
                0x08007636       0x48 ./Middlewares/Third_Party/FreeRTOS/Source/list.o
                0x08007636                vListInsertEnd
 .text.vListInsert
                0x0800767e       0x72 ./Middlewares/Third_Party/FreeRTOS/Source/list.o
                0x0800767e                vListInsert
 .text.uxListRemove
                0x080076f0       0x54 ./Middlewares/Third_Party/FreeRTOS/Source/list.o
                0x080076f0                uxListRemove
 .text.xQueueGenericReset
                0x08007744       0xd4 ./Middlewares/Third_Party/FreeRTOS/Source/queue.o
                0x08007744                xQueueGenericReset
 .text.xQueueGenericCreateStatic
                0x08007818       0xfa ./Middlewares/Third_Party/FreeRTOS/Source/queue.o
                0x08007818                xQueueGenericCreateStatic
 .text.prvInitialiseNewQueue
                0x08007912       0x46 ./Middlewares/Third_Party/FreeRTOS/Source/queue.o
 .text.xQueueGenericSend
                0x08007958      0x204 ./Middlewares/Third_Party/FreeRTOS/Source/queue.o
                0x08007958                xQueueGenericSend
 .text.xQueueGenericSendFromISR
                0x08007b5c      0x13c ./Middlewares/Third_Party/FreeRTOS/Source/queue.o
                0x08007b5c                xQueueGenericSendFromISR
 .text.xQueueReceive
                0x08007c98      0x1c4 ./Middlewares/Third_Party/FreeRTOS/Source/queue.o
                0x08007c98                xQueueReceive
 .text.prvCopyDataToQueue
                0x08007e5c       0xd4 ./Middlewares/Third_Party/FreeRTOS/Source/queue.o
 .text.prvCopyDataFromQueue
                0x08007f30       0x4c ./Middlewares/Third_Party/FreeRTOS/Source/queue.o
 .text.prvUnlockQueue
                0x08007f7c       0xa4 ./Middlewares/Third_Party/FreeRTOS/Source/queue.o
 .text.prvIsQueueEmpty
                0x08008020       0x2c ./Middlewares/Third_Party/FreeRTOS/Source/queue.o
 .text.prvIsQueueFull
                0x0800804c       0x30 ./Middlewares/Third_Party/FreeRTOS/Source/queue.o
 .text.vQueueAddToRegistry
                0x0800807c       0x54 ./Middlewares/Third_Party/FreeRTOS/Source/queue.o
                0x0800807c                vQueueAddToRegistry
 .text.vQueueWaitForMessageRestricted
                0x080080d0       0x68 ./Middlewares/Third_Party/FreeRTOS/Source/queue.o
                0x080080d0                vQueueWaitForMessageRestricted
 .text.xTaskCreateStatic
                0x08008138       0xc0 ./Middlewares/Third_Party/FreeRTOS/Source/tasks.o
                0x08008138                xTaskCreateStatic
 .text.xTaskCreate
                0x080081f8       0x8a ./Middlewares/Third_Party/FreeRTOS/Source/tasks.o
                0x080081f8                xTaskCreate
 *fill*         0x08008282        0x2 
 .text.prvInitialiseNewTask
                0x08008284      0x150 ./Middlewares/Third_Party/FreeRTOS/Source/tasks.o
 .text.prvAddNewTaskToReadyList
                0x080083d4       0xe0 ./Middlewares/Third_Party/FreeRTOS/Source/tasks.o
 .text.vTaskDelay
                0x080084b4       0x6c ./Middlewares/Third_Party/FreeRTOS/Source/tasks.o
                0x080084b4                vTaskDelay
 .text.vTaskStartScheduler
                0x08008520       0xe0 ./Middlewares/Third_Party/FreeRTOS/Source/tasks.o
                0x08008520                vTaskStartScheduler
 .text.vTaskSuspendAll
                0x08008600       0x1c ./Middlewares/Third_Party/FreeRTOS/Source/tasks.o
                0x08008600                vTaskSuspendAll
 .text.xTaskResumeAll
                0x0800861c      0x13c ./Middlewares/Third_Party/FreeRTOS/Source/tasks.o
                0x0800861c                xTaskResumeAll
 .text.xTaskGetTickCount
                0x08008758       0x20 ./Middlewares/Third_Party/FreeRTOS/Source/tasks.o
                0x08008758                xTaskGetTickCount
 .text.xTaskIncrementTick
                0x08008778      0x174 ./Middlewares/Third_Party/FreeRTOS/Source/tasks.o
                0x08008778                xTaskIncrementTick
 .text.vTaskSwitchContext
                0x080088ec       0xcc ./Middlewares/Third_Party/FreeRTOS/Source/tasks.o
                0x080088ec                vTaskSwitchContext
 .text.vTaskPlaceOnEventList
                0x080089b8       0x4c ./Middlewares/Third_Party/FreeRTOS/Source/tasks.o
                0x080089b8                vTaskPlaceOnEventList
 .text.vTaskPlaceOnEventListRestricted
                0x08008a04       0x58 ./Middlewares/Third_Party/FreeRTOS/Source/tasks.o
                0x08008a04                vTaskPlaceOnEventListRestricted
 .text.xTaskRemoveFromEventList
                0x08008a5c       0xc8 ./Middlewares/Third_Party/FreeRTOS/Source/tasks.o
                0x08008a5c                xTaskRemoveFromEventList
 .text.vTaskInternalSetTimeOutState
                0x08008b24       0x2c ./Middlewares/Third_Party/FreeRTOS/Source/tasks.o
                0x08008b24                vTaskInternalSetTimeOutState
 .text.xTaskCheckForTimeOut
                0x08008b50       0xc8 ./Middlewares/Third_Party/FreeRTOS/Source/tasks.o
                0x08008b50                xTaskCheckForTimeOut
 .text.vTaskMissedYield
                0x08008c18       0x18 ./Middlewares/Third_Party/FreeRTOS/Source/tasks.o
                0x08008c18                vTaskMissedYield
 .text.prvIdleTask
                0x08008c30       0x30 ./Middlewares/Third_Party/FreeRTOS/Source/tasks.o
 .text.prvInitialiseTaskLists
                0x08008c60       0x80 ./Middlewares/Third_Party/FreeRTOS/Source/tasks.o
 .text.prvCheckTasksWaitingTermination
                0x08008ce0       0x5c ./Middlewares/Third_Party/FreeRTOS/Source/tasks.o
 .text.prvDeleteTCB
                0x08008d3c       0x6a ./Middlewares/Third_Party/FreeRTOS/Source/tasks.o
 *fill*         0x08008da6        0x2 
 .text.prvResetNextTaskUnblockTime
                0x08008da8       0x40 ./Middlewares/Third_Party/FreeRTOS/Source/tasks.o
 .text.xTaskGetSchedulerState
                0x08008de8       0x3c ./Middlewares/Third_Party/FreeRTOS/Source/tasks.o
                0x08008de8                xTaskGetSchedulerState
 .text.xTaskPriorityDisinherit
                0x08008e24       0xe0 ./Middlewares/Third_Party/FreeRTOS/Source/tasks.o
                0x08008e24                xTaskPriorityDisinherit
 .text.prvAddCurrentTaskToDelayedList
                0x08008f04       0xa8 ./Middlewares/Third_Party/FreeRTOS/Source/tasks.o
 .text.xTimerCreateTimerTask
                0x08008fac       0x94 ./Middlewares/Third_Party/FreeRTOS/Source/timers.o
                0x08008fac                xTimerCreateTimerTask
 .text.xTimerGenericCommand
                0x08009040       0x9c ./Middlewares/Third_Party/FreeRTOS/Source/timers.o
                0x08009040                xTimerGenericCommand
 .text.prvProcessExpiredTimer
                0x080090dc       0x9c ./Middlewares/Third_Party/FreeRTOS/Source/timers.o
 .text.prvTimerTask
                0x08009178       0x26 ./Middlewares/Third_Party/FreeRTOS/Source/timers.o
 *fill*         0x0800919e        0x2 
 .text.prvProcessTimerOrBlockTask
                0x080091a0       0x9c ./Middlewares/Third_Party/FreeRTOS/Source/timers.o
 .text.prvGetNextExpireTime
                0x0800923c       0x48 ./Middlewares/Third_Party/FreeRTOS/Source/timers.o
 .text.prvSampleTimeNow
                0x08009284       0x40 ./Middlewares/Third_Party/FreeRTOS/Source/timers.o
 .text.prvInsertTimerInActiveList
                0x080092c4       0x84 ./Middlewares/Third_Party/FreeRTOS/Source/timers.o
 .text.prvProcessReceivedCommands
                0x08009348      0x1cc ./Middlewares/Third_Party/FreeRTOS/Source/timers.o
 .text.prvSwitchTimerLists
                0x08009514       0xcc ./Middlewares/Third_Party/FreeRTOS/Source/timers.o
 .text.prvCheckForValidListAndQueue
                0x080095e0       0x80 ./Middlewares/Third_Party/FreeRTOS/Source/timers.o
 .text.pxPortInitialiseStack
                0x08009660       0x68 ./Middlewares/Third_Party/FreeRTOS/Source/portable/GCC/ARM_CM4F/port.o
                0x08009660                pxPortInitialiseStack
 .text.prvTaskExitError
                0x080096c8       0x5c ./Middlewares/Third_Party/FreeRTOS/Source/portable/GCC/ARM_CM4F/port.o
 *fill*         0x08009724        0xc 
 .text.SVC_Handler
                0x08009730       0x28 ./Middlewares/Third_Party/FreeRTOS/Source/portable/GCC/ARM_CM4F/port.o
                0x08009730                SVC_Handler
 .text.prvPortStartFirstTask
                0x08009758       0x28 ./Middlewares/Third_Party/FreeRTOS/Source/portable/GCC/ARM_CM4F/port.o
 .text.xPortStartScheduler
                0x08009780      0x148 ./Middlewares/Third_Party/FreeRTOS/Source/portable/GCC/ARM_CM4F/port.o
                0x08009780                xPortStartScheduler
 .text.vPortEnterCritical
                0x080098c8       0x64 ./Middlewares/Third_Party/FreeRTOS/Source/portable/GCC/ARM_CM4F/port.o
                0x080098c8                vPortEnterCritical
 .text.vPortExitCritical
                0x0800992c       0x54 ./Middlewares/Third_Party/FreeRTOS/Source/portable/GCC/ARM_CM4F/port.o
                0x0800992c                vPortExitCritical
 .text.PendSV_Handler
                0x08009980       0x68 ./Middlewares/Third_Party/FreeRTOS/Source/portable/GCC/ARM_CM4F/port.o
                0x08009980                PendSV_Handler
 .text.xPortSysTickHandler
                0x080099e8       0x44 ./Middlewares/Third_Party/FreeRTOS/Source/portable/GCC/ARM_CM4F/port.o
                0x080099e8                xPortSysTickHandler
 .text.vPortSetupTimerInterrupt
                0x08009a2c       0x48 ./Middlewares/Third_Party/FreeRTOS/Source/portable/GCC/ARM_CM4F/port.o
                0x08009a2c                vPortSetupTimerInterrupt
 .text.vPortEnableVFP
                0x08009a74       0x14 ./Middlewares/Third_Party/FreeRTOS/Source/portable/GCC/ARM_CM4F/port.o
 .text.vPortValidateInterruptPriority
                0x08009a88       0x84 ./Middlewares/Third_Party/FreeRTOS/Source/portable/GCC/ARM_CM4F/port.o
                0x08009a88                vPortValidateInterruptPriority
 .text.pvPortMalloc
                0x08009b0c      0x19c ./Middlewares/Third_Party/FreeRTOS/Source/portable/MemMang/heap_4.o
                0x08009b0c                pvPortMalloc
 .text.vPortFree
                0x08009ca8       0xc8 ./Middlewares/Third_Party/FreeRTOS/Source/portable/MemMang/heap_4.o
                0x08009ca8                vPortFree
 .text.prvHeapInit
                0x08009d70       0xc4 ./Middlewares/Third_Party/FreeRTOS/Source/portable/MemMang/heap_4.o
 .text.prvInsertBlockIntoFreeList
                0x08009e34       0xb4 ./Middlewares/Third_Party/FreeRTOS/Source/portable/MemMang/heap_4.o
 .text.std      0x08009ee8       0x6c C:/ST/STM32CubeIDE_1.15.0/STM32CubeIDE/plugins/com.st.stm32cube.ide.mcu.externaltools.gnu-tools-for-stm32.12.3.rel1.win32_1.0.100.202403111256/tools/bin/../lib/gcc/arm-none-eabi/12.3.1/../../../../arm-none-eabi/lib/thumb/v7e-m+fp/hard\libc_nano.a(libc_a-findfp.o)
 .text.stdio_exit_handler
                0x08009f54       0x18 C:/ST/STM32CubeIDE_1.15.0/STM32CubeIDE/plugins/com.st.stm32cube.ide.mcu.externaltools.gnu-tools-for-stm32.12.3.rel1.win32_1.0.100.202403111256/tools/bin/../lib/gcc/arm-none-eabi/12.3.1/../../../../arm-none-eabi/lib/thumb/v7e-m+fp/hard\libc_nano.a(libc_a-findfp.o)
 .text.cleanup_stdio
                0x08009f6c       0x40 C:/ST/STM32CubeIDE_1.15.0/STM32CubeIDE/plugins/com.st.stm32cube.ide.mcu.externaltools.gnu-tools-for-stm32.12.3.rel1.win32_1.0.100.202403111256/tools/bin/../lib/gcc/arm-none-eabi/12.3.1/../../../../arm-none-eabi/lib/thumb/v7e-m+fp/hard\libc_nano.a(libc_a-findfp.o)
 .text.global_stdio_init.part.0
                0x08009fac       0x3c C:/ST/STM32CubeIDE_1.15.0/STM32CubeIDE/plugins/com.st.stm32cube.ide.mcu.externaltools.gnu-tools-for-stm32.12.3.rel1.win32_1.0.100.202403111256/tools/bin/../lib/gcc/arm-none-eabi/12.3.1/../../../../arm-none-eabi/lib/thumb/v7e-m+fp/hard\libc_nano.a(libc_a-findfp.o)
 .text.__sfp_lock_acquire
                0x08009fe8        0xc C:/ST/STM32CubeIDE_1.15.0/STM32CubeIDE/plugins/com.st.stm32cube.ide.mcu.externaltools.gnu-tools-for-stm32.12.3.rel1.win32_1.0.100.202403111256/tools/bin/../lib/gcc/arm-none-eabi/12.3.1/../../../../arm-none-eabi/lib/thumb/v7e-m+fp/hard\libc_nano.a(libc_a-findfp.o)
                0x08009fe8                __sfp_lock_acquire
 .text.__sfp_lock_release
                0x08009ff4        0xc C:/ST/STM32CubeIDE_1.15.0/STM32CubeIDE/plugins/com.st.stm32cube.ide.mcu.externaltools.gnu-tools-for-stm32.12.3.rel1.win32_1.0.100.202403111256/tools/bin/../lib/gcc/arm-none-eabi/12.3.1/../../../../arm-none-eabi/lib/thumb/v7e-m+fp/hard\libc_nano.a(libc_a-findfp.o)
                0x08009ff4                __sfp_lock_release
 .text.__sinit  0x0800a000       0x30 C:/ST/STM32CubeIDE_1.15.0/STM32CubeIDE/plugins/com.st.stm32cube.ide.mcu.externaltools.gnu-tools-for-stm32.12.3.rel1.win32_1.0.100.202403111256/tools/bin/../lib/gcc/arm-none-eabi/12.3.1/../../../../arm-none-eabi/lib/thumb/v7e-m+fp/hard\libc_nano.a(libc_a-findfp.o)
                0x0800a000                __sinit
 .text._fwalk_sglue
                0x0800a030       0x3c C:/ST/STM32CubeIDE_1.15.0/STM32CubeIDE/plugins/com.st.stm32cube.ide.mcu.externaltools.gnu-tools-for-stm32.12.3.rel1.win32_1.0.100.202403111256/tools/bin/../lib/gcc/arm-none-eabi/12.3.1/../../../../arm-none-eabi/lib/thumb/v7e-m+fp/hard\libc_nano.a(libc_a-fwalk.o)
                0x0800a030                _fwalk_sglue
 .text._puts_r  0x0800a06c       0xaa C:/ST/STM32CubeIDE_1.15.0/STM32CubeIDE/plugins/com.st.stm32cube.ide.mcu.externaltools.gnu-tools-for-stm32.12.3.rel1.win32_1.0.100.202403111256/tools/bin/../lib/gcc/arm-none-eabi/12.3.1/../../../../arm-none-eabi/lib/thumb/v7e-m+fp/hard\libc_nano.a(libc_a-puts.o)
                0x0800a06c                _puts_r
 *fill*         0x0800a116        0x2 
 .text.puts     0x0800a118       0x10 C:/ST/STM32CubeIDE_1.15.0/STM32CubeIDE/plugins/com.st.stm32cube.ide.mcu.externaltools.gnu-tools-for-stm32.12.3.rel1.win32_1.0.100.202403111256/tools/bin/../lib/gcc/arm-none-eabi/12.3.1/../../../../arm-none-eabi/lib/thumb/v7e-m+fp/hard\libc_nano.a(libc_a-puts.o)
                0x0800a118                puts
 .text.sprintf  0x0800a128       0x40 C:/ST/STM32CubeIDE_1.15.0/STM32CubeIDE/plugins/com.st.stm32cube.ide.mcu.externaltools.gnu-tools-for-stm32.12.3.rel1.win32_1.0.100.202403111256/tools/bin/../lib/gcc/arm-none-eabi/12.3.1/../../../../arm-none-eabi/lib/thumb/v7e-m+fp/hard\libc_nano.a(libc_a-sprintf.o)
                0x0800a128                siprintf
                0x0800a128                sprintf
 .text.__sread  0x0800a168       0x22 C:/ST/STM32CubeIDE_1.15.0/STM32CubeIDE/plugins/com.st.stm32cube.ide.mcu.externaltools.gnu-tools-for-stm32.12.3.rel1.win32_1.0.100.202403111256/tools/bin/../lib/gcc/arm-none-eabi/12.3.1/../../../../arm-none-eabi/lib/thumb/v7e-m+fp/hard\libc_nano.a(libc_a-stdio.o)
                0x0800a168                __sread
 .text.__swrite
                0x0800a18a       0x38 C:/ST/STM32CubeIDE_1.15.0/STM32CubeIDE/plugins/com.st.stm32cube.ide.mcu.externaltools.gnu-tools-for-stm32.12.3.rel1.win32_1.0.100.202403111256/tools/bin/../lib/gcc/arm-none-eabi/12.3.1/../../../../arm-none-eabi/lib/thumb/v7e-m+fp/hard\libc_nano.a(libc_a-stdio.o)
                0x0800a18a                __swrite
 .text.__sseek  0x0800a1c2       0x24 C:/ST/STM32CubeIDE_1.15.0/STM32CubeIDE/plugins/com.st.stm32cube.ide.mcu.externaltools.gnu-tools-for-stm32.12.3.rel1.win32_1.0.100.202403111256/tools/bin/../lib/gcc/arm-none-eabi/12.3.1/../../../../arm-none-eabi/lib/thumb/v7e-m+fp/hard\libc_nano.a(libc_a-stdio.o)
                0x0800a1c2                __sseek
 .text.__sclose
                0x0800a1e6        0x8 C:/ST/STM32CubeIDE_1.15.0/STM32CubeIDE/plugins/com.st.stm32cube.ide.mcu.externaltools.gnu-tools-for-stm32.12.3.rel1.win32_1.0.100.202403111256/tools/bin/../lib/gcc/arm-none-eabi/12.3.1/../../../../arm-none-eabi/lib/thumb/v7e-m+fp/hard\libc_nano.a(libc_a-stdio.o)
                0x0800a1e6                __sclose
 .text.__swbuf_r
                0x0800a1ee       0x7c C:/ST/STM32CubeIDE_1.15.0/STM32CubeIDE/plugins/com.st.stm32cube.ide.mcu.externaltools.gnu-tools-for-stm32.12.3.rel1.win32_1.0.100.202403111256/tools/bin/../lib/gcc/arm-none-eabi/12.3.1/../../../../arm-none-eabi/lib/thumb/v7e-m+fp/hard\libc_nano.a(libc_a-wbuf.o)
                0x0800a1ee                __swbuf_r
 *fill*         0x0800a26a        0x2 
 .text.__swsetup_r
                0x0800a26c       0xac C:/ST/STM32CubeIDE_1.15.0/STM32CubeIDE/plugins/com.st.stm32cube.ide.mcu.externaltools.gnu-tools-for-stm32.12.3.rel1.win32_1.0.100.202403111256/tools/bin/../lib/gcc/arm-none-eabi/12.3.1/../../../../arm-none-eabi/lib/thumb/v7e-m+fp/hard\libc_nano.a(libc_a-wsetup.o)
                0x0800a26c                __swsetup_r
 .text.memmove  0x0800a318       0x34 C:/ST/STM32CubeIDE_1.15.0/STM32CubeIDE/plugins/com.st.stm32cube.ide.mcu.externaltools.gnu-tools-for-stm32.12.3.rel1.win32_1.0.100.202403111256/tools/bin/../lib/gcc/arm-none-eabi/12.3.1/../../../../arm-none-eabi/lib/thumb/v7e-m+fp/hard\libc_nano.a(libc_a-memmove.o)
                0x0800a318                memmove
 .text.memset   0x0800a34c       0x10 C:/ST/STM32CubeIDE_1.15.0/STM32CubeIDE/plugins/com.st.stm32cube.ide.mcu.externaltools.gnu-tools-for-stm32.12.3.rel1.win32_1.0.100.202403111256/tools/bin/../lib/gcc/arm-none-eabi/12.3.1/../../../../arm-none-eabi/lib/thumb/v7e-m+fp/hard\libc_nano.a(libc_a-memset.o)
                0x0800a34c                memset
 .text._close_r
                0x0800a35c       0x20 C:/ST/STM32CubeIDE_1.15.0/STM32CubeIDE/plugins/com.st.stm32cube.ide.mcu.externaltools.gnu-tools-for-stm32.12.3.rel1.win32_1.0.100.202403111256/tools/bin/../lib/gcc/arm-none-eabi/12.3.1/../../../../arm-none-eabi/lib/thumb/v7e-m+fp/hard\libc_nano.a(libc_a-closer.o)
                0x0800a35c                _close_r
 .text._reclaim_reent
                0x0800a37c       0xac C:/ST/STM32CubeIDE_1.15.0/STM32CubeIDE/plugins/com.st.stm32cube.ide.mcu.externaltools.gnu-tools-for-stm32.12.3.rel1.win32_1.0.100.202403111256/tools/bin/../lib/gcc/arm-none-eabi/12.3.1/../../../../arm-none-eabi/lib/thumb/v7e-m+fp/hard\libc_nano.a(libc_a-reent.o)
                0x0800a37c                _reclaim_reent
 .text._lseek_r
                0x0800a428       0x24 C:/ST/STM32CubeIDE_1.15.0/STM32CubeIDE/plugins/com.st.stm32cube.ide.mcu.externaltools.gnu-tools-for-stm32.12.3.rel1.win32_1.0.100.202403111256/tools/bin/../lib/gcc/arm-none-eabi/12.3.1/../../../../arm-none-eabi/lib/thumb/v7e-m+fp/hard\libc_nano.a(libc_a-lseekr.o)
                0x0800a428                _lseek_r
 .text._read_r  0x0800a44c       0x24 C:/ST/STM32CubeIDE_1.15.0/STM32CubeIDE/plugins/com.st.stm32cube.ide.mcu.externaltools.gnu-tools-for-stm32.12.3.rel1.win32_1.0.100.202403111256/tools/bin/../lib/gcc/arm-none-eabi/12.3.1/../../../../arm-none-eabi/lib/thumb/v7e-m+fp/hard\libc_nano.a(libc_a-readr.o)
                0x0800a44c                _read_r
 .text._write_r
                0x0800a470       0x24 C:/ST/STM32CubeIDE_1.15.0/STM32CubeIDE/plugins/com.st.stm32cube.ide.mcu.externaltools.gnu-tools-for-stm32.12.3.rel1.win32_1.0.100.202403111256/tools/bin/../lib/gcc/arm-none-eabi/12.3.1/../../../../arm-none-eabi/lib/thumb/v7e-m+fp/hard\libc_nano.a(libc_a-writer.o)
                0x0800a470                _write_r
 .text.__errno  0x0800a494        0xc C:/ST/STM32CubeIDE_1.15.0/STM32CubeIDE/plugins/com.st.stm32cube.ide.mcu.externaltools.gnu-tools-for-stm32.12.3.rel1.win32_1.0.100.202403111256/tools/bin/../lib/gcc/arm-none-eabi/12.3.1/../../../../arm-none-eabi/lib/thumb/v7e-m+fp/hard\libc_nano.a(libc_a-errno.o)
                0x0800a494                __errno
 .text.__libc_init_array
                0x0800a4a0       0x48 C:/ST/STM32CubeIDE_1.15.0/STM32CubeIDE/plugins/com.st.stm32cube.ide.mcu.externaltools.gnu-tools-for-stm32.12.3.rel1.win32_1.0.100.202403111256/tools/bin/../lib/gcc/arm-none-eabi/12.3.1/../../../../arm-none-eabi/lib/thumb/v7e-m+fp/hard\libc_nano.a(libc_a-init.o)
                0x0800a4a0                __libc_init_array
 .text.__retarget_lock_init_recursive
                0x0800a4e8        0x2 C:/ST/STM32CubeIDE_1.15.0/STM32CubeIDE/plugins/com.st.stm32cube.ide.mcu.externaltools.gnu-tools-for-stm32.12.3.rel1.win32_1.0.100.202403111256/tools/bin/../lib/gcc/arm-none-eabi/12.3.1/../../../../arm-none-eabi/lib/thumb/v7e-m+fp/hard\libc_nano.a(libc_a-lock.o)
                0x0800a4e8                __retarget_lock_init_recursive
 .text.__retarget_lock_acquire_recursive
                0x0800a4ea        0x2 C:/ST/STM32CubeIDE_1.15.0/STM32CubeIDE/plugins/com.st.stm32cube.ide.mcu.externaltools.gnu-tools-for-stm32.12.3.rel1.win32_1.0.100.202403111256/tools/bin/../lib/gcc/arm-none-eabi/12.3.1/../../../../arm-none-eabi/lib/thumb/v7e-m+fp/hard\libc_nano.a(libc_a-lock.o)
                0x0800a4ea                __retarget_lock_acquire_recursive
 .text.__retarget_lock_release_recursive
                0x0800a4ec        0x2 C:/ST/STM32CubeIDE_1.15.0/STM32CubeIDE/plugins/com.st.stm32cube.ide.mcu.externaltools.gnu-tools-for-stm32.12.3.rel1.win32_1.0.100.202403111256/tools/bin/../lib/gcc/arm-none-eabi/12.3.1/../../../../arm-none-eabi/lib/thumb/v7e-m+fp/hard\libc_nano.a(libc_a-lock.o)
                0x0800a4ec                __retarget_lock_release_recursive
 .text.memcpy   0x0800a4ee       0x1c C:/ST/STM32CubeIDE_1.15.0/STM32CubeIDE/plugins/com.st.stm32cube.ide.mcu.externaltools.gnu-tools-for-stm32.12.3.rel1.win32_1.0.100.202403111256/tools/bin/../lib/gcc/arm-none-eabi/12.3.1/../../../../arm-none-eabi/lib/thumb/v7e-m+fp/hard\libc_nano.a(libc_a-memcpy-stub.o)
                0x0800a4ee                memcpy
 *fill*         0x0800a50a        0x2 
 .text._free_r  0x0800a50c       0x94 C:/ST/STM32CubeIDE_1.15.0/STM32CubeIDE/plugins/com.st.stm32cube.ide.mcu.externaltools.gnu-tools-for-stm32.12.3.rel1.win32_1.0.100.202403111256/tools/bin/../lib/gcc/arm-none-eabi/12.3.1/../../../../arm-none-eabi/lib/thumb/v7e-m+fp/hard\libc_nano.a(libc_a-freer.o)
                0x0800a50c                _free_r
 .text.sbrk_aligned
                0x0800a5a0       0x44 C:/ST/STM32CubeIDE_1.15.0/STM32CubeIDE/plugins/com.st.stm32cube.ide.mcu.externaltools.gnu-tools-for-stm32.12.3.rel1.win32_1.0.100.202403111256/tools/bin/../lib/gcc/arm-none-eabi/12.3.1/../../../../arm-none-eabi/lib/thumb/v7e-m+fp/hard\libc_nano.a(libc_a-mallocr.o)
 .text._malloc_r
                0x0800a5e4      0x100 C:/ST/STM32CubeIDE_1.15.0/STM32CubeIDE/plugins/com.st.stm32cube.ide.mcu.externaltools.gnu-tools-for-stm32.12.3.rel1.win32_1.0.100.202403111256/tools/bin/../lib/gcc/arm-none-eabi/12.3.1/../../../../arm-none-eabi/lib/thumb/v7e-m+fp/hard\libc_nano.a(libc_a-mallocr.o)
                0x0800a5e4                _malloc_r
 .text.__malloc_lock
                0x0800a6e4        0xc C:/ST/STM32CubeIDE_1.15.0/STM32CubeIDE/plugins/com.st.stm32cube.ide.mcu.externaltools.gnu-tools-for-stm32.12.3.rel1.win32_1.0.100.202403111256/tools/bin/../lib/gcc/arm-none-eabi/12.3.1/../../../../arm-none-eabi/lib/thumb/v7e-m+fp/hard\libc_nano.a(libc_a-mlock.o)
                0x0800a6e4                __malloc_lock
 .text.__malloc_unlock
                0x0800a6f0        0xc C:/ST/STM32CubeIDE_1.15.0/STM32CubeIDE/plugins/com.st.stm32cube.ide.mcu.externaltools.gnu-tools-for-stm32.12.3.rel1.win32_1.0.100.202403111256/tools/bin/../lib/gcc/arm-none-eabi/12.3.1/../../../../arm-none-eabi/lib/thumb/v7e-m+fp/hard\libc_nano.a(libc_a-mlock.o)
                0x0800a6f0                __malloc_unlock
 .text.__ssputs_r
                0x0800a6fc       0xb6 C:/ST/STM32CubeIDE_1.15.0/STM32CubeIDE/plugins/com.st.stm32cube.ide.mcu.externaltools.gnu-tools-for-stm32.12.3.rel1.win32_1.0.100.202403111256/tools/bin/../lib/gcc/arm-none-eabi/12.3.1/../../../../arm-none-eabi/lib/thumb/v7e-m+fp/hard\libc_nano.a(libc_a-nano-svfprintf.o)
                0x0800a6fc                __ssputs_r
 *fill*         0x0800a7b2        0x2 
 .text._svfprintf_r
                0x0800a7b4      0x1f8 C:/ST/STM32CubeIDE_1.15.0/STM32CubeIDE/plugins/com.st.stm32cube.ide.mcu.externaltools.gnu-tools-for-stm32.12.3.rel1.win32_1.0.100.202403111256/tools/bin/../lib/gcc/arm-none-eabi/12.3.1/../../../../arm-none-eabi/lib/thumb/v7e-m+fp/hard\libc_nano.a(libc_a-nano-svfprintf.o)
                0x0800a7b4                _svfiprintf_r
                0x0800a7b4                _svfprintf_r
 .text._printf_common
                0x0800a9ac       0xda C:/ST/STM32CubeIDE_1.15.0/STM32CubeIDE/plugins/com.st.stm32cube.ide.mcu.externaltools.gnu-tools-for-stm32.12.3.rel1.win32_1.0.100.202403111256/tools/bin/../lib/gcc/arm-none-eabi/12.3.1/../../../../arm-none-eabi/lib/thumb/v7e-m+fp/hard\libc_nano.a(libc_a-nano-vfprintf_i.o)
                0x0800a9ac                _printf_common
 *fill*         0x0800aa86        0x2 
 .text._printf_i
                0x0800aa88      0x240 C:/ST/STM32CubeIDE_1.15.0/STM32CubeIDE/plugins/com.st.stm32cube.ide.mcu.externaltools.gnu-tools-for-stm32.12.3.rel1.win32_1.0.100.202403111256/tools/bin/../lib/gcc/arm-none-eabi/12.3.1/../../../../arm-none-eabi/lib/thumb/v7e-m+fp/hard\libc_nano.a(libc_a-nano-vfprintf_i.o)
                0x0800aa88                _printf_i
 .text.__sflush_r
                0x0800acc8      0x108 C:/ST/STM32CubeIDE_1.15.0/STM32CubeIDE/plugins/com.st.stm32cube.ide.mcu.externaltools.gnu-tools-for-stm32.12.3.rel1.win32_1.0.100.202403111256/tools/bin/../lib/gcc/arm-none-eabi/12.3.1/../../../../arm-none-eabi/lib/thumb/v7e-m+fp/hard\libc_nano.a(libc_a-fflush.o)
                0x0800acc8                __sflush_r
 .text._fflush_r
                0x0800add0       0x50 C:/ST/STM32CubeIDE_1.15.0/STM32CubeIDE/plugins/com.st.stm32cube.ide.mcu.externaltools.gnu-tools-for-stm32.12.3.rel1.win32_1.0.100.202403111256/tools/bin/../lib/gcc/arm-none-eabi/12.3.1/../../../../arm-none-eabi/lib/thumb/v7e-m+fp/hard\libc_nano.a(libc_a-fflush.o)
                0x0800add0                _fflush_r
 .text.__swhatbuf_r
                0x0800ae20       0x4c C:/ST/STM32CubeIDE_1.15.0/STM32CubeIDE/plugins/com.st.stm32cube.ide.mcu.externaltools.gnu-tools-for-stm32.12.3.rel1.win32_1.0.100.202403111256/tools/bin/../lib/gcc/arm-none-eabi/12.3.1/../../../../arm-none-eabi/lib/thumb/v7e-m+fp/hard\libc_nano.a(libc_a-makebuf.o)
                0x0800ae20                __swhatbuf_r
 .text.__smakebuf_r
                0x0800ae6c       0x78 C:/ST/STM32CubeIDE_1.15.0/STM32CubeIDE/plugins/com.st.stm32cube.ide.mcu.externaltools.gnu-tools-for-stm32.12.3.rel1.win32_1.0.100.202403111256/tools/bin/../lib/gcc/arm-none-eabi/12.3.1/../../../../arm-none-eabi/lib/thumb/v7e-m+fp/hard\libc_nano.a(libc_a-makebuf.o)
                0x0800ae6c                __smakebuf_r
 .text._fstat_r
                0x0800aee4       0x24 C:/ST/STM32CubeIDE_1.15.0/STM32CubeIDE/plugins/com.st.stm32cube.ide.mcu.externaltools.gnu-tools-for-stm32.12.3.rel1.win32_1.0.100.202403111256/tools/bin/../lib/gcc/arm-none-eabi/12.3.1/../../../../arm-none-eabi/lib/thumb/v7e-m+fp/hard\libc_nano.a(libc_a-fstatr.o)
                0x0800aee4                _fstat_r
 .text._isatty_r
                0x0800af08       0x20 C:/ST/STM32CubeIDE_1.15.0/STM32CubeIDE/plugins/com.st.stm32cube.ide.mcu.externaltools.gnu-tools-for-stm32.12.3.rel1.win32_1.0.100.202403111256/tools/bin/../lib/gcc/arm-none-eabi/12.3.1/../../../../arm-none-eabi/lib/thumb/v7e-m+fp/hard\libc_nano.a(libc_a-isattyr.o)
                0x0800af08                _isatty_r
 .text._sbrk_r  0x0800af28       0x20 C:/ST/STM32CubeIDE_1.15.0/STM32CubeIDE/plugins/com.st.stm32cube.ide.mcu.externaltools.gnu-tools-for-stm32.12.3.rel1.win32_1.0.100.202403111256/tools/bin/../lib/gcc/arm-none-eabi/12.3.1/../../../../arm-none-eabi/lib/thumb/v7e-m+fp/hard\libc_nano.a(libc_a-sbrkr.o)
                0x0800af28                _sbrk_r
 .text._realloc_r
                0x0800af48       0x5c C:/ST/STM32CubeIDE_1.15.0/STM32CubeIDE/plugins/com.st.stm32cube.ide.mcu.externaltools.gnu-tools-for-stm32.12.3.rel1.win32_1.0.100.202403111256/tools/bin/../lib/gcc/arm-none-eabi/12.3.1/../../../../arm-none-eabi/lib/thumb/v7e-m+fp/hard\libc_nano.a(libc_a-reallocr.o)
                0x0800af48                _realloc_r
 .text._malloc_usable_size_r
                0x0800afa4       0x10 C:/ST/STM32CubeIDE_1.15.0/STM32CubeIDE/plugins/com.st.stm32cube.ide.mcu.externaltools.gnu-tools-for-stm32.12.3.rel1.win32_1.0.100.202403111256/tools/bin/../lib/gcc/arm-none-eabi/12.3.1/../../../../arm-none-eabi/lib/thumb/v7e-m+fp/hard\libc_nano.a(libc_a-msizer.o)
                0x0800afa4                _malloc_usable_size_r
 *(.glue_7)
 .glue_7        0x0800afb4        0x0 linker stubs
 *(.glue_7t)
 .glue_7t       0x0800afb4        0x0 linker stubs
 *(.eh_frame)
 .eh_frame      0x0800afb4        0x0 C:/ST/STM32CubeIDE_1.15.0/STM32CubeIDE/plugins/com.st.stm32cube.ide.mcu.externaltools.gnu-tools-for-stm32.12.3.rel1.win32_1.0.100.202403111256/tools/bin/../lib/gcc/arm-none-eabi/12.3.1/thumb/v7e-m+fp/hard/crtbegin.o
 *(.init)
 .init          0x0800afb4        0x4 C:/ST/STM32CubeIDE_1.15.0/STM32CubeIDE/plugins/com.st.stm32cube.ide.mcu.externaltools.gnu-tools-for-stm32.12.3.rel1.win32_1.0.100.202403111256/tools/bin/../lib/gcc/arm-none-eabi/12.3.1/thumb/v7e-m+fp/hard/crti.o
                0x0800afb4                _init
 .init          0x0800afb8        0x8 C:/ST/STM32CubeIDE_1.15.0/STM32CubeIDE/plugins/com.st.stm32cube.ide.mcu.externaltools.gnu-tools-for-stm32.12.3.rel1.win32_1.0.100.202403111256/tools/bin/../lib/gcc/arm-none-eabi/12.3.1/thumb/v7e-m+fp/hard/crtn.o
 *(.fini)
 .fini          0x0800afc0        0x4 C:/ST/STM32CubeIDE_1.15.0/STM32CubeIDE/plugins/com.st.stm32cube.ide.mcu.externaltools.gnu-tools-for-stm32.12.3.rel1.win32_1.0.100.202403111256/tools/bin/../lib/gcc/arm-none-eabi/12.3.1/thumb/v7e-m+fp/hard/crti.o
                0x0800afc0                _fini
 .fini          0x0800afc4        0x8 C:/ST/STM32CubeIDE_1.15.0/STM32CubeIDE/plugins/com.st.stm32cube.ide.mcu.externaltools.gnu-tools-for-stm32.12.3.rel1.win32_1.0.100.202403111256/tools/bin/../lib/gcc/arm-none-eabi/12.3.1/thumb/v7e-m+fp/hard/crtn.o
                0x0800afcc                        . = ALIGN (0x4)
                0x0800afcc                        _etext = .

.vfp11_veneer   0x0800afcc        0x0
 .vfp11_veneer  0x0800afcc        0x0 linker stubs

.v4_bx          0x0800afcc        0x0
 .v4_bx         0x0800afcc        0x0 linker stubs

.iplt           0x0800afcc        0x0
 .iplt          0x0800afcc        0x0 C:/ST/STM32CubeIDE_1.15.0/STM32CubeIDE/plugins/com.st.stm32cube.ide.mcu.externaltools.gnu-tools-for-stm32.12.3.rel1.win32_1.0.100.202403111256/tools/bin/../lib/gcc/arm-none-eabi/12.3.1/thumb/v7e-m+fp/hard/crtbegin.o

.rodata         0x0800afcc     0x28a8
                0x0800afcc                        . = ALIGN (0x4)
 *(.rodata)
 .rodata        0x0800afcc       0x35 ./Core/Src/dcmotor.o
 *fill*         0x0800b001        0x3 
 .rodata        0x0800b004       0x71 ./Core/Src/main.o
 *fill*         0x0800b075        0x3 
 .rodata        0x0800b078       0x4b ./Core/Src/oled_ui.o
 *fill*         0x0800b0c3        0x1 
 .rodata        0x0800b0c4        0x5 ./Middlewares/Third_Party/FreeRTOS/Source/tasks.o
 *fill*         0x0800b0c9        0x3 
 .rodata        0x0800b0cc        0xd ./Middlewares/Third_Party/FreeRTOS/Source/timers.o
 *(.rodata*)
 *fill*         0x0800b0d9        0x3 
 .rodata.defaultTask_attributes
                0x0800b0dc       0x24 ./Core/Src/main.o
                0x0800b0dc                defaultTask_attributes
 .rodata.myTask01_attributes
                0x0800b100       0x24 ./Core/Src/main.o
                0x0800b100                myTask01_attributes
 .rodata.myTask02_attributes
                0x0800b124       0x24 ./Core/Src/main.o
                0x0800b124                myTask02_attributes
 .rodata.myTask03_attributes
                0x0800b148       0x24 ./Core/Src/main.o
                0x0800b148                myTask03_attributes
 .rodata.Font7x10
                0x0800b16c      0x76c ./Core/Src/ssd1306_fonts.o
 .rodata.Font11x18
                0x0800b8d8      0xd5c ./Core/Src/ssd1306_fonts.o
 .rodata.Font16x24
                0x0800c634     0x11d0 ./Core/Src/ssd1306_fonts.o
 .rodata.Font_7x10
                0x0800d804        0xc ./Core/Src/ssd1306_fonts.o
                0x0800d804                Font_7x10
 .rodata.Font_11x18
                0x0800d810        0xc ./Core/Src/ssd1306_fonts.o
                0x0800d810                Font_11x18
 .rodata.Font_16x24
                0x0800d81c        0xc ./Core/Src/ssd1306_fonts.o
                0x0800d81c                Font_16x24
 .rodata.AHBPrescTable
                0x0800d828       0x10 ./Core/Src/system_stm32f4xx.o
                0x0800d828                AHBPrescTable
 .rodata.APBPrescTable
                0x0800d838        0x8 ./Core/Src/system_stm32f4xx.o
                0x0800d838                APBPrescTable
 .rodata._svfprintf_r.str1.1
                0x0800d840       0x11 C:/ST/STM32CubeIDE_1.15.0/STM32CubeIDE/plugins/com.st.stm32cube.ide.mcu.externaltools.gnu-tools-for-stm32.12.3.rel1.win32_1.0.100.202403111256/tools/bin/../lib/gcc/arm-none-eabi/12.3.1/../../../../arm-none-eabi/lib/thumb/v7e-m+fp/hard\libc_nano.a(libc_a-nano-svfprintf.o)
 .rodata._printf_i.str1.1
                0x0800d851       0x22 C:/ST/STM32CubeIDE_1.15.0/STM32CubeIDE/plugins/com.st.stm32cube.ide.mcu.externaltools.gnu-tools-for-stm32.12.3.rel1.win32_1.0.100.202403111256/tools/bin/../lib/gcc/arm-none-eabi/12.3.1/../../../../arm-none-eabi/lib/thumb/v7e-m+fp/hard\libc_nano.a(libc_a-nano-vfprintf_i.o)
                0x0800d874                        . = ALIGN (0x4)
 *fill*         0x0800d873        0x1 

.ARM.extab      0x0800d874        0x0
                0x0800d874                        . = ALIGN (0x4)
 *(.ARM.extab* .gnu.linkonce.armextab.*)
                0x0800d874                        . = ALIGN (0x4)

.ARM            0x0800d874        0x8
                0x0800d874                        . = ALIGN (0x4)
                0x0800d874                        __exidx_start = .
 *(.ARM.exidx*)
 .ARM.exidx     0x0800d874        0x8 C:/ST/STM32CubeIDE_1.15.0/STM32CubeIDE/plugins/com.st.stm32cube.ide.mcu.externaltools.gnu-tools-for-stm32.12.3.rel1.win32_1.0.100.202403111256/tools/bin/../lib/gcc/arm-none-eabi/12.3.1/../../../../arm-none-eabi/lib/thumb/v7e-m+fp/hard\libc_nano.a(libc_a-memchr.o)
 .ARM.exidx     0x0800d87c        0x0 C:/ST/STM32CubeIDE_1.15.0/STM32CubeIDE/plugins/com.st.stm32cube.ide.mcu.externaltools.gnu-tools-for-stm32.12.3.rel1.win32_1.0.100.202403111256/tools/bin/../lib/gcc/arm-none-eabi/12.3.1/thumb/v7e-m+fp/hard\libgcc.a(_udivmoddi4.o)
                                  0x8 (size before relaxing)
                0x0800d87c                        __exidx_end = .
                0x0800d87c                        . = ALIGN (0x4)

.preinit_array  0x0800d87c        0x0
                0x0800d87c                        . = ALIGN (0x4)
                0x0800d87c                        PROVIDE (__preinit_array_start = .)
 *(.preinit_array*)
                0x0800d87c                        PROVIDE (__preinit_array_end = .)
                0x0800d87c                        . = ALIGN (0x4)

.init_array     0x0800d87c        0x4
                0x0800d87c                        . = ALIGN (0x4)
                0x0800d87c                        PROVIDE (__init_array_start = .)
 *(SORT_BY_NAME(.init_array.*))
 *(.init_array*)
 .init_array    0x0800d87c        0x4 C:/ST/STM32CubeIDE_1.15.0/STM32CubeIDE/plugins/com.st.stm32cube.ide.mcu.externaltools.gnu-tools-for-stm32.12.3.rel1.win32_1.0.100.202403111256/tools/bin/../lib/gcc/arm-none-eabi/12.3.1/thumb/v7e-m+fp/hard/crtbegin.o
                0x0800d880                        PROVIDE (__init_array_end = .)
                0x0800d880                        . = ALIGN (0x4)

.fini_array     0x0800d880        0x4
                0x0800d880                        . = ALIGN (0x4)
                [!provide]                        PROVIDE (__fini_array_start = .)
 *(SORT_BY_NAME(.fini_array.*))
 *(.fini_array*)
 .fini_array    0x0800d880        0x4 C:/ST/STM32CubeIDE_1.15.0/STM32CubeIDE/plugins/com.st.stm32cube.ide.mcu.externaltools.gnu-tools-for-stm32.12.3.rel1.win32_1.0.100.202403111256/tools/bin/../lib/gcc/arm-none-eabi/12.3.1/thumb/v7e-m+fp/hard/crtbegin.o
                [!provide]                        PROVIDE (__fini_array_end = .)
                0x0800d884                        . = ALIGN (0x4)
                0x0800d884                        _sidata = LOADADDR (.data)

.rel.dyn        0x0800d884        0x0
 .rel.iplt      0x0800d884        0x0 C:/ST/STM32CubeIDE_1.15.0/STM32CubeIDE/plugins/com.st.stm32cube.ide.mcu.externaltools.gnu-tools-for-stm32.12.3.rel1.win32_1.0.100.202403111256/tools/bin/../lib/gcc/arm-none-eabi/12.3.1/thumb/v7e-m+fp/hard/crtbegin.o

.data           0x20000000       0x74 load address 0x0800d884
                0x20000000                        . = ALIGN (0x4)
                0x20000000                        _sdata = .
 *(.data)
 *(.data*)
 .data.button_status
                0x20000000        0x5 ./Core/Src/button.o
                0x20000000                button_status
 *fill*         0x20000005        0x3 
 .data.SystemCoreClock
                0x20000008        0x4 ./Core/Src/system_stm32f4xx.o
                0x20000008                SystemCoreClock
 .data.uwTickPrio
                0x2000000c        0x4 ./Drivers/STM32F4xx_HAL_Driver/Src/stm32f4xx_hal.o
                0x2000000c                uwTickPrio
 .data.uwTickFreq
                0x20000010        0x1 ./Drivers/STM32F4xx_HAL_Driver/Src/stm32f4xx_hal.o
                0x20000010                uwTickFreq
 *fill*         0x20000011        0x3 
 .data.uxCriticalNesting
                0x20000014        0x4 ./Middlewares/Third_Party/FreeRTOS/Source/portable/GCC/ARM_CM4F/port.o
 .data.__sglue  0x20000018        0xc C:/ST/STM32CubeIDE_1.15.0/STM32CubeIDE/plugins/com.st.stm32cube.ide.mcu.externaltools.gnu-tools-for-stm32.12.3.rel1.win32_1.0.100.202403111256/tools/bin/../lib/gcc/arm-none-eabi/12.3.1/../../../../arm-none-eabi/lib/thumb/v7e-m+fp/hard\libc_nano.a(libc_a-findfp.o)
                0x20000018                __sglue
 .data._impure_ptr
                0x20000024        0x4 C:/ST/STM32CubeIDE_1.15.0/STM32CubeIDE/plugins/com.st.stm32cube.ide.mcu.externaltools.gnu-tools-for-stm32.12.3.rel1.win32_1.0.100.202403111256/tools/bin/../lib/gcc/arm-none-eabi/12.3.1/../../../../arm-none-eabi/lib/thumb/v7e-m+fp/hard\libc_nano.a(libc_a-impure.o)
                0x20000024                _impure_ptr
 .data._impure_data
                0x20000028       0x4c C:/ST/STM32CubeIDE_1.15.0/STM32CubeIDE/plugins/com.st.stm32cube.ide.mcu.externaltools.gnu-tools-for-stm32.12.3.rel1.win32_1.0.100.202403111256/tools/bin/../lib/gcc/arm-none-eabi/12.3.1/../../../../arm-none-eabi/lib/thumb/v7e-m+fp/hard\libc_nano.a(libc_a-impure.o)
                0x20000028                _impure_data
 *(.RamFunc)
 *(.RamFunc*)
                0x20000074                        . = ALIGN (0x4)
                0x20000074                        _edata = .

.igot.plt       0x20000074        0x0 load address 0x0800d8f8
 .igot.plt      0x20000074        0x0 C:/ST/STM32CubeIDE_1.15.0/STM32CubeIDE/plugins/com.st.stm32cube.ide.mcu.externaltools.gnu-tools-for-stm32.12.3.rel1.win32_1.0.100.202403111256/tools/bin/../lib/gcc/arm-none-eabi/12.3.1/thumb/v7e-m+fp/hard/crtbegin.o
                0x20000074                        . = ALIGN (0x4)

.bss            0x20000074     0x550c load address 0x0800d8f8
                0x20000074                        _sbss = .
                0x20000074                        __bss_start__ = _sbss
 *(.bss)
 .bss           0x20000074       0x1c C:/ST/STM32CubeIDE_1.15.0/STM32CubeIDE/plugins/com.st.stm32cube.ide.mcu.externaltools.gnu-tools-for-stm32.12.3.rel1.win32_1.0.100.202403111256/tools/bin/../lib/gcc/arm-none-eabi/12.3.1/thumb/v7e-m+fp/hard/crtbegin.o
 *(.bss*)
 .bss.auto_mode_state
                0x20000090        0x1 ./Core/Src/dcmotor.o
                0x20000090                auto_mode_state
 *fill*         0x20000091        0x3 
 .bss.hi2c1     0x20000094       0x54 ./Core/Src/main.o
                0x20000094                hi2c1
 .bss.htim1     0x200000e8       0x48 ./Core/Src/main.o
                0x200000e8                htim1
 .bss.htim2     0x20000130       0x48 ./Core/Src/main.o
                0x20000130                htim2
 .bss.htim3     0x20000178       0x48 ./Core/Src/main.o
                0x20000178                htim3
 .bss.htim10    0x200001c0       0x48 ./Core/Src/main.o
                0x200001c0                htim10
 .bss.huart1    0x20000208       0x48 ./Core/Src/main.o
                0x20000208                huart1
 .bss.huart2    0x20000250       0x48 ./Core/Src/main.o
                0x20000250                huart2
 .bss.defaultTaskHandle
                0x20000298        0x4 ./Core/Src/main.o
                0x20000298                defaultTaskHandle
 .bss.myTask01Handle
                0x2000029c        0x4 ./Core/Src/main.o
                0x2000029c                myTask01Handle
 .bss.myTask02Handle
                0x200002a0        0x4 ./Core/Src/main.o
                0x200002a0                myTask02Handle
 .bss.myTask03Handle
                0x200002a4        0x4 ./Core/Src/main.o
                0x200002a4                myTask03Handle
 .bss.TIM10_1ms_counter
                0x200002a8        0x4 ./Core/Src/main.o
                0x200002a8                TIM10_1ms_counter
 .bss.TIM10_1ms_ledcnt
                0x200002ac        0x4 ./Core/Src/main.o
                0x200002ac                TIM10_1ms_ledcnt
 .bss.TIM10_1ms_ultrasonic
                0x200002b0        0x4 ./Core/Src/main.o
                0x200002b0                TIM10_1ms_ultrasonic
 .bss.distance_center
                0x200002b4        0x4 ./Core/Src/main.o
                0x200002b4                distance_center
 .bss.distance_left
                0x200002b8        0x4 ./Core/Src/main.o
                0x200002b8                distance_left
 .bss.distance_right
                0x200002bc        0x4 ./Core/Src/main.o
                0x200002bc                distance_right
 .bss.rx_data   0x200002c0        0x1 ./Core/Src/main.o
                0x200002c0                rx_data
 .bss.blink.0   0x200002c1        0x1 ./Core/Src/oled_ui.o
 *fill*         0x200002c2        0x2 
 .bss.SSD1306_Buffer
                0x200002c4      0x400 ./Core/Src/ssd1306.o
 .bss.SSD1306   0x200006c4        0x6 ./Core/Src/ssd1306.o
 *fill*         0x200006ca        0x2 
 .bss.htim11    0x200006cc       0x48 ./Core/Src/stm32f4xx_hal_timebase_tim.o
                0x200006cc                htim11
 .bss.__sbrk_heap_end
                0x20000714        0x4 ./Core/Src/sysmem.o
 .bss.rx_buffer
                0x20000718      0x320 ./Core/Src/uart2.o
                0x20000718                rx_buffer
 .bss.input_index
                0x20000a38        0x4 ./Core/Src/uart2.o
                0x20000a38                input_index
 .bss.bt_data   0x20000a3c        0x1 ./Core/Src/uart2.o
                0x20000a3c                bt_data
 *fill*         0x20000a3d        0x3 
 .bss.i.0       0x20000a40        0x4 ./Core/Src/uart2.o
 .bss.sensor_idx
                0x20000a44        0x1 ./Core/Src/ultrasonic.o
                0x20000a44                sensor_idx
 .bss.is_first_ch1
                0x20000a45        0x1 ./Core/Src/ultrasonic.o
 .bss.is_first_ch2
                0x20000a46        0x1 ./Core/Src/ultrasonic.o
 .bss.is_first_ch4
                0x20000a47        0x1 ./Core/Src/ultrasonic.o
 .bss.uwTick    0x20000a48        0x4 ./Drivers/STM32F4xx_HAL_Driver/Src/stm32f4xx_hal.o
                0x20000a48                uwTick
 .bss.KernelState
                0x20000a4c        0x4 ./Middlewares/Third_Party/FreeRTOS/Source/CMSIS_RTOS_V2/cmsis_os2.o
 .bss.Idle_TCB.3
                0x20000a50       0xa8 ./Middlewares/Third_Party/FreeRTOS/Source/CMSIS_RTOS_V2/cmsis_os2.o
 .bss.Idle_Stack.2
                0x20000af8      0x200 ./Middlewares/Third_Party/FreeRTOS/Source/CMSIS_RTOS_V2/cmsis_os2.o
 .bss.Timer_TCB.1
                0x20000cf8       0xa8 ./Middlewares/Third_Party/FreeRTOS/Source/CMSIS_RTOS_V2/cmsis_os2.o
 .bss.Timer_Stack.0
                0x20000da0      0x400 ./Middlewares/Third_Party/FreeRTOS/Source/CMSIS_RTOS_V2/cmsis_os2.o
 .bss.xQueueRegistry
                0x200011a0       0x40 ./Middlewares/Third_Party/FreeRTOS/Source/queue.o
                0x200011a0                xQueueRegistry
 .bss.pxCurrentTCB
                0x200011e0        0x4 ./Middlewares/Third_Party/FreeRTOS/Source/tasks.o
                0x200011e0                pxCurrentTCB
 .bss.pxReadyTasksLists
                0x200011e4      0x460 ./Middlewares/Third_Party/FreeRTOS/Source/tasks.o
 .bss.xDelayedTaskList1
                0x20001644       0x14 ./Middlewares/Third_Party/FreeRTOS/Source/tasks.o
 .bss.xDelayedTaskList2
                0x20001658       0x14 ./Middlewares/Third_Party/FreeRTOS/Source/tasks.o
 .bss.pxDelayedTaskList
                0x2000166c        0x4 ./Middlewares/Third_Party/FreeRTOS/Source/tasks.o
 .bss.pxOverflowDelayedTaskList
                0x20001670        0x4 ./Middlewares/Third_Party/FreeRTOS/Source/tasks.o
 .bss.xPendingReadyList
                0x20001674       0x14 ./Middlewares/Third_Party/FreeRTOS/Source/tasks.o
 .bss.xTasksWaitingTermination
                0x20001688       0x14 ./Middlewares/Third_Party/FreeRTOS/Source/tasks.o
 .bss.uxDeletedTasksWaitingCleanUp
                0x2000169c        0x4 ./Middlewares/Third_Party/FreeRTOS/Source/tasks.o
 .bss.xSuspendedTaskList
                0x200016a0       0x14 ./Middlewares/Third_Party/FreeRTOS/Source/tasks.o
 .bss.uxCurrentNumberOfTasks
                0x200016b4        0x4 ./Middlewares/Third_Party/FreeRTOS/Source/tasks.o
 .bss.xTickCount
                0x200016b8        0x4 ./Middlewares/Third_Party/FreeRTOS/Source/tasks.o
 .bss.uxTopReadyPriority
                0x200016bc        0x4 ./Middlewares/Third_Party/FreeRTOS/Source/tasks.o
 .bss.xSchedulerRunning
                0x200016c0        0x4 ./Middlewares/Third_Party/FreeRTOS/Source/tasks.o
 .bss.xPendedTicks
                0x200016c4        0x4 ./Middlewares/Third_Party/FreeRTOS/Source/tasks.o
 .bss.xYieldPending
                0x200016c8        0x4 ./Middlewares/Third_Party/FreeRTOS/Source/tasks.o
 .bss.xNumOfOverflows
                0x200016cc        0x4 ./Middlewares/Third_Party/FreeRTOS/Source/tasks.o
 .bss.uxTaskNumber
                0x200016d0        0x4 ./Middlewares/Third_Party/FreeRTOS/Source/tasks.o
 .bss.xNextTaskUnblockTime
                0x200016d4        0x4 ./Middlewares/Third_Party/FreeRTOS/Source/tasks.o
 .bss.xIdleTaskHandle
                0x200016d8        0x4 ./Middlewares/Third_Party/FreeRTOS/Source/tasks.o
 .bss.uxSchedulerSuspended
                0x200016dc        0x4 ./Middlewares/Third_Party/FreeRTOS/Source/tasks.o
 .bss.xActiveTimerList1
                0x200016e0       0x14 ./Middlewares/Third_Party/FreeRTOS/Source/timers.o
 .bss.xActiveTimerList2
                0x200016f4       0x14 ./Middlewares/Third_Party/FreeRTOS/Source/timers.o
 .bss.pxCurrentTimerList
                0x20001708        0x4 ./Middlewares/Third_Party/FreeRTOS/Source/timers.o
 .bss.pxOverflowTimerList
                0x2000170c        0x4 ./Middlewares/Third_Party/FreeRTOS/Source/timers.o
 .bss.xTimerQueue
                0x20001710        0x4 ./Middlewares/Third_Party/FreeRTOS/Source/timers.o
 .bss.xTimerTaskHandle
                0x20001714        0x4 ./Middlewares/Third_Party/FreeRTOS/Source/timers.o
 .bss.xLastTime.2
                0x20001718        0x4 ./Middlewares/Third_Party/FreeRTOS/Source/timers.o
 .bss.ucStaticTimerQueueStorage.1
                0x2000171c       0xa0 ./Middlewares/Third_Party/FreeRTOS/Source/timers.o
 .bss.xStaticTimerQueue.0
                0x200017bc       0x50 ./Middlewares/Third_Party/FreeRTOS/Source/timers.o
 .bss.ucMaxSysCallPriority
                0x2000180c        0x1 ./Middlewares/Third_Party/FreeRTOS/Source/portable/GCC/ARM_CM4F/port.o
 *fill*         0x2000180d        0x3 
 .bss.ulMaxPRIGROUPValue
                0x20001810        0x4 ./Middlewares/Third_Party/FreeRTOS/Source/portable/GCC/ARM_CM4F/port.o
 .bss.ucHeap    0x20001814     0x3c00 ./Middlewares/Third_Party/FreeRTOS/Source/portable/MemMang/heap_4.o
 .bss.xStart    0x20005414        0x8 ./Middlewares/Third_Party/FreeRTOS/Source/portable/MemMang/heap_4.o
 .bss.pxEnd     0x2000541c        0x4 ./Middlewares/Third_Party/FreeRTOS/Source/portable/MemMang/heap_4.o
 .bss.xFreeBytesRemaining
                0x20005420        0x4 ./Middlewares/Third_Party/FreeRTOS/Source/portable/MemMang/heap_4.o
 .bss.xMinimumEverFreeBytesRemaining
                0x20005424        0x4 ./Middlewares/Third_Party/FreeRTOS/Source/portable/MemMang/heap_4.o
 .bss.xNumberOfSuccessfulAllocations
                0x20005428        0x4 ./Middlewares/Third_Party/FreeRTOS/Source/portable/MemMang/heap_4.o
 .bss.xNumberOfSuccessfulFrees
                0x2000542c        0x4 ./Middlewares/Third_Party/FreeRTOS/Source/portable/MemMang/heap_4.o
 .bss.xBlockAllocatedBit
                0x20005430        0x4 ./Middlewares/Third_Party/FreeRTOS/Source/portable/MemMang/heap_4.o
 .bss.__sf      0x20005434      0x138 C:/ST/STM32CubeIDE_1.15.0/STM32CubeIDE/plugins/com.st.stm32cube.ide.mcu.externaltools.gnu-tools-for-stm32.12.3.rel1.win32_1.0.100.202403111256/tools/bin/../lib/gcc/arm-none-eabi/12.3.1/../../../../arm-none-eabi/lib/thumb/v7e-m+fp/hard\libc_nano.a(libc_a-findfp.o)
                0x20005434                __sf
 .bss.__stdio_exit_handler
                0x2000556c        0x4 C:/ST/STM32CubeIDE_1.15.0/STM32CubeIDE/plugins/com.st.stm32cube.ide.mcu.externaltools.gnu-tools-for-stm32.12.3.rel1.win32_1.0.100.202403111256/tools/bin/../lib/gcc/arm-none-eabi/12.3.1/../../../../arm-none-eabi/lib/thumb/v7e-m+fp/hard\libc_nano.a(libc_a-findfp.o)
                0x2000556c                __stdio_exit_handler
 .bss.errno     0x20005570        0x4 C:/ST/STM32CubeIDE_1.15.0/STM32CubeIDE/plugins/com.st.stm32cube.ide.mcu.externaltools.gnu-tools-for-stm32.12.3.rel1.win32_1.0.100.202403111256/tools/bin/../lib/gcc/arm-none-eabi/12.3.1/../../../../arm-none-eabi/lib/thumb/v7e-m+fp/hard\libc_nano.a(libc_a-reent.o)
                0x20005570                errno
 .bss.__lock___malloc_recursive_mutex
                0x20005574        0x1 C:/ST/STM32CubeIDE_1.15.0/STM32CubeIDE/plugins/com.st.stm32cube.ide.mcu.externaltools.gnu-tools-for-stm32.12.3.rel1.win32_1.0.100.202403111256/tools/bin/../lib/gcc/arm-none-eabi/12.3.1/../../../../arm-none-eabi/lib/thumb/v7e-m+fp/hard\libc_nano.a(libc_a-lock.o)
                0x20005574                __lock___malloc_recursive_mutex
 .bss.__lock___sfp_recursive_mutex
                0x20005575        0x1 C:/ST/STM32CubeIDE_1.15.0/STM32CubeIDE/plugins/com.st.stm32cube.ide.mcu.externaltools.gnu-tools-for-stm32.12.3.rel1.win32_1.0.100.202403111256/tools/bin/../lib/gcc/arm-none-eabi/12.3.1/../../../../arm-none-eabi/lib/thumb/v7e-m+fp/hard\libc_nano.a(libc_a-lock.o)
                0x20005575                __lock___sfp_recursive_mutex
 *fill*         0x20005576        0x2 
 .bss.__malloc_sbrk_start
                0x20005578        0x4 C:/ST/STM32CubeIDE_1.15.0/STM32CubeIDE/plugins/com.st.stm32cube.ide.mcu.externaltools.gnu-tools-for-stm32.12.3.rel1.win32_1.0.100.202403111256/tools/bin/../lib/gcc/arm-none-eabi/12.3.1/../../../../arm-none-eabi/lib/thumb/v7e-m+fp/hard\libc_nano.a(libc_a-mallocr.o)
                0x20005578                __malloc_sbrk_start
 .bss.__malloc_free_list
                0x2000557c        0x4 C:/ST/STM32CubeIDE_1.15.0/STM32CubeIDE/plugins/com.st.stm32cube.ide.mcu.externaltools.gnu-tools-for-stm32.12.3.rel1.win32_1.0.100.202403111256/tools/bin/../lib/gcc/arm-none-eabi/12.3.1/../../../../arm-none-eabi/lib/thumb/v7e-m+fp/hard\libc_nano.a(libc_a-mallocr.o)
                0x2000557c                __malloc_free_list
 *(COMMON)
                0x20005580                        . = ALIGN (0x4)
                0x20005580                        _ebss = .
                0x20005580                        __bss_end__ = _ebss

._user_heap_stack
                0x20005580      0x600 load address 0x0800d8f8
                0x20005580                        . = ALIGN (0x8)
                [!provide]                        PROVIDE (end = .)
                0x20005580                        PROVIDE (_end = .)
                0x20005780                        . = (. + _Min_Heap_Size)
 *fill*         0x20005580      0x200 
                0x20005b80                        . = (. + _Min_Stack_Size)
 *fill*         0x20005780      0x400 
                0x20005b80                        . = ALIGN (0x8)

/DISCARD/
 libc.a(*)
 libm.a(*)
 libgcc.a(*)

.ARM.attributes
                0x00000000       0x30
 *(.ARM.attributes)
 .ARM.attributes
                0x00000000       0x22 C:/ST/STM32CubeIDE_1.15.0/STM32CubeIDE/plugins/com.st.stm32cube.ide.mcu.externaltools.gnu-tools-for-stm32.12.3.rel1.win32_1.0.100.202403111256/tools/bin/../lib/gcc/arm-none-eabi/12.3.1/thumb/v7e-m+fp/hard/crti.o
 .ARM.attributes
                0x00000022       0x34 C:/ST/STM32CubeIDE_1.15.0/STM32CubeIDE/plugins/com.st.stm32cube.ide.mcu.externaltools.gnu-tools-for-stm32.12.3.rel1.win32_1.0.100.202403111256/tools/bin/../lib/gcc/arm-none-eabi/12.3.1/thumb/v7e-m+fp/hard/crtbegin.o
 .ARM.attributes