10:12:36 **** Incremental Build of configuration Debug for project cnn_cam_b ****
make all 
make --no-print-directory pre-build
a9-linaro-pre-build-step
' '
make --no-print-directory main-build
'Building file: ../src/main.cc'
'Invoking: ARM v7 g++ compiler'
arm-none-eabi-g++ -Wall -O0 -g3 -c -fmessage-length=0 -MT"src/main.o" -mcpu=cortex-a9 -mfpu=vfpv3 -mfloat-abi=hard -ID:/project/Final_Project/SHJ/VITIS/CNN_CMA_B/export/CNN_CMA_B/sw/CNN_CMA_B/standalone_domain/bspinclude/include -MMD -MP -MF"src/main.d" -MT"src/main.o" -o "src/main.o" "../src/main.cc"
'Finished building: ../src/main.cc'
' '
'Building target: cnn_cam_b.elf'
'Invoking: ARM v7 g++ linker'
arm-none-eabi-g++ -mcpu=cortex-a9 -mfpu=vfpv3 -mfloat-abi=hard -Wl,-build-id=none -specs=Xilinx.spec -Wl,-T -Wl,../src/lscript.ld -LD:/project/Final_Project/SHJ/VITIS/CNN_CMA_B/export/CNN_CMA_B/sw/CNN_CMA_B/standalone_domain/bsplib/lib -o "cnn_cam_b.elf"  ./src/platform/platform.o  ./src/ov5640/OV5640.o  ./src/main.o   -Wl,--start-group,-lxil,-lgcc,-lc,-lstdc++,--end-group
'Finished building target: cnn_cam_b.elf'
' '
'Invoking: ARM v7 Print Size'
arm-none-eabi-size cnn_cam_b.elf  |tee "cnn_cam_b.elf.size"
   text	   data	    bss	    dec	    hex	filename
 628825	   3916	  29240	 661981	  a19dd	cnn_cam_b.elf
'Finished building: cnn_cam_b.elf.size'
' '

10:12:40 Build Finished (took 3s.461ms)

