14:37:59 **** Build of configuration Debug for project Zybo-Z7-20-pcam-5c ****
make all 
make --no-print-directory pre-build
a9-linaro-pre-build-step
' '
make --no-print-directory main-build
'Building file: ../src/platform/platform.c'
'Invoking: ARM v7 g++ compiler'
arm-none-eabi-g++ -Wall -O0 -g3 -I"D:\project\Final_Project\SHJ\VITIS\Zybo-Z7-20-pcam-5c\src" -ID:/project/Final_Project/SHJ/VITIS/system_wrapper/export/system_wrapper/sw/system_wrapper/domain_ps7_cortexa9_0/bspinclude/include -c -fmessage-length=0 -MT"src/platform/platform.o" -mcpu=cortex-a9 -mfpu=vfpv3 -mfloat-abi=hard -MMD -MP -MF"src/platform/platform.d" -MT"src/platform/platform.o" -o "src/platform/platform.o" "../src/platform/platform.c"
'Finished building: ../src/platform/platform.c'
' '
'Building file: ../src/ov5640/OV5640.cpp'
'Invoking: ARM v7 g++ compiler'
arm-none-eabi-g++ -Wall -O0 -g3 -I"D:\project\Final_Project\SHJ\VITIS\Zybo-Z7-20-pcam-5c\src" -ID:/project/Final_Project/SHJ/VITIS/system_wrapper/export/system_wrapper/sw/system_wrapper/domain_ps7_cortexa9_0/bspinclude/include -c -fmessage-length=0 -MT"src/ov5640/OV5640.o" -mcpu=cortex-a9 -mfpu=vfpv3 -mfloat-abi=hard -MMD -MP -MF"src/ov5640/OV5640.d" -MT"src/ov5640/OV5640.o" -o "src/ov5640/OV5640.o" "../src/ov5640/OV5640.cpp"
'Finished building: ../src/ov5640/OV5640.cpp'
' '
'Building file: ../src/main.cc'
'Invoking: ARM v7 g++ compiler'
arm-none-eabi-g++ -Wall -O0 -g3 -I"D:\project\Final_Project\SHJ\VITIS\Zybo-Z7-20-pcam-5c\src" -ID:/project/Final_Project/SHJ/VITIS/system_wrapper/export/system_wrapper/sw/system_wrapper/domain_ps7_cortexa9_0/bspinclude/include -c -fmessage-length=0 -MT"src/main.o" -mcpu=cortex-a9 -mfpu=vfpv3 -mfloat-abi=hard -MMD -MP -MF"src/main.d" -MT"src/main.o" -o "src/main.o" "../src/main.cc"
'Finished building: ../src/main.cc'
' '
'Building target: Zybo-Z7-20-pcam-5c.elf'
'Invoking: ARM v7 g++ linker'
arm-none-eabi-g++ -mcpu=cortex-a9 -mfpu=vfpv3 -mfloat-abi=hard -Wl,-build-id=none -specs=Xilinx.spec -Wl,-T -Wl,../src/lscript.ld -LD:/project/Final_Project/SHJ/VITIS/system_wrapper/export/system_wrapper/sw/system_wrapper/domain_ps7_cortexa9_0/bsplib/lib -o "Zybo-Z7-20-pcam-5c.elf"  ./src/platform/platform.o  ./src/ov5640/OV5640.o  ./src/main.o   -Wl,--start-group,-lxil,-lgcc,-lc,-lstdc++,--end-group
'Finished building target: Zybo-Z7-20-pcam-5c.elf'
' '
'Invoking: ARM v7 Print Size'
arm-none-eabi-size Zybo-Z7-20-pcam-5c.elf  |tee "Zybo-Z7-20-pcam-5c.elf.size"
   text	   data	    bss	    dec	    hex	filename
 626817	   3860	  29144	 659821	  a116d	Zybo-Z7-20-pcam-5c.elf
'Finished building: Zybo-Z7-20-pcam-5c.elf.size'
' '

14:38:02 Build Finished (took 2s.832ms)

